Archive member included to satisfy reference by file (symbol)

d:/software/stm32cubeide_1.11.0/stm32cubeide/plugins/com.st.stm32cube.ide.mcu.externaltools.gnu-tools-for-stm32.10.3-2021.10.win32_1.0.100.202210260954/tools/bin/../lib/gcc/arm-none-eabi/10.3.1/../../../../arm-none-eabi/lib/thumb/v7-m/nofp\libc_nano.a(lib_a-errno.o)
                              ./Core/Src/syscalls.o (__errno)
d:/software/stm32cubeide_1.11.0/stm32cubeide/plugins/com.st.stm32cube.ide.mcu.externaltools.gnu-tools-for-stm32.10.3-2021.10.win32_1.0.100.202210260954/tools/bin/../lib/gcc/arm-none-eabi/10.3.1/../../../../arm-none-eabi/lib/thumb/v7-m/nofp\libc_nano.a(lib_a-exit.o)
                              d:/software/stm32cubeide_1.11.0/stm32cubeide/plugins/com.st.stm32cube.ide.mcu.externaltools.gnu-tools-for-stm32.10.3-2021.10.win32_1.0.100.202210260954/tools/bin/../lib/gcc/arm-none-eabi/10.3.1/../../../../arm-none-eabi/lib/thumb/v7-m/nofp/crt0.o (exit)
d:/software/stm32cubeide_1.11.0/stm32cubeide/plugins/com.st.stm32cube.ide.mcu.externaltools.gnu-tools-for-stm32.10.3-2021.10.win32_1.0.100.202210260954/tools/bin/../lib/gcc/arm-none-eabi/10.3.1/../../../../arm-none-eabi/lib/thumb/v7-m/nofp\libc_nano.a(lib_a-impure.o)
                              d:/software/stm32cubeide_1.11.0/stm32cubeide/plugins/com.st.stm32cube.ide.mcu.externaltools.gnu-tools-for-stm32.10.3-2021.10.win32_1.0.100.202210260954/tools/bin/../lib/gcc/arm-none-eabi/10.3.1/../../../../arm-none-eabi/lib/thumb/v7-m/nofp\libc_nano.a(lib_a-exit.o) (_global_impure_ptr)
d:/software/stm32cubeide_1.11.0/stm32cubeide/plugins/com.st.stm32cube.ide.mcu.externaltools.gnu-tools-for-stm32.10.3-2021.10.win32_1.0.100.202210260954/tools/bin/../lib/gcc/arm-none-eabi/10.3.1/../../../../arm-none-eabi/lib/thumb/v7-m/nofp\libc_nano.a(lib_a-init.o)
                              d:/software/stm32cubeide_1.11.0/stm32cubeide/plugins/com.st.stm32cube.ide.mcu.externaltools.gnu-tools-for-stm32.10.3-2021.10.win32_1.0.100.202210260954/tools/bin/../lib/gcc/arm-none-eabi/10.3.1/../../../../arm-none-eabi/lib/thumb/v7-m/nofp/crt0.o (__libc_init_array)
d:/software/stm32cubeide_1.11.0/stm32cubeide/plugins/com.st.stm32cube.ide.mcu.externaltools.gnu-tools-for-stm32.10.3-2021.10.win32_1.0.100.202210260954/tools/bin/../lib/gcc/arm-none-eabi/10.3.1/../../../../arm-none-eabi/lib/thumb/v7-m/nofp\libc_nano.a(lib_a-memset.o)
                              d:/software/stm32cubeide_1.11.0/stm32cubeide/plugins/com.st.stm32cube.ide.mcu.externaltools.gnu-tools-for-stm32.10.3-2021.10.win32_1.0.100.202210260954/tools/bin/../lib/gcc/arm-none-eabi/10.3.1/../../../../arm-none-eabi/lib/thumb/v7-m/nofp/crt0.o (memset)
d:/software/stm32cubeide_1.11.0/stm32cubeide/plugins/com.st.stm32cube.ide.mcu.externaltools.gnu-tools-for-stm32.10.3-2021.10.win32_1.0.100.202210260954/tools/bin/../lib/gcc/arm-none-eabi/10.3.1/../../../../arm-none-eabi/lib/thumb/v7-m/nofp\libc_nano.a(lib_a-strlen.o)
                              ./Core/Src/LCD.o (strlen)
d:/software/stm32cubeide_1.11.0/stm32cubeide/plugins/com.st.stm32cube.ide.mcu.externaltools.gnu-tools-for-stm32.10.3-2021.10.win32_1.0.100.202210260954/tools/bin/../lib/gcc/arm-none-eabi/10.3.1/../../../../arm-none-eabi/lib/thumb/v7-m/nofp\libc_nano.a(lib_a-vsprintf.o)
                              ./Core/Src/LCD.o (vsprintf)
d:/software/stm32cubeide_1.11.0/stm32cubeide/plugins/com.st.stm32cube.ide.mcu.externaltools.gnu-tools-for-stm32.10.3-2021.10.win32_1.0.100.202210260954/tools/bin/../lib/gcc/arm-none-eabi/10.3.1/../../../../arm-none-eabi/lib/thumb/v7-m/nofp\libc_nano.a(lib_a-nano-svfprintf.o)
                              d:/software/stm32cubeide_1.11.0/stm32cubeide/plugins/com.st.stm32cube.ide.mcu.externaltools.gnu-tools-for-stm32.10.3-2021.10.win32_1.0.100.202210260954/tools/bin/../lib/gcc/arm-none-eabi/10.3.1/../../../../arm-none-eabi/lib/thumb/v7-m/nofp\libc_nano.a(lib_a-vsprintf.o) (_svfprintf_r)
d:/software/stm32cubeide_1.11.0/stm32cubeide/plugins/com.st.stm32cube.ide.mcu.externaltools.gnu-tools-for-stm32.10.3-2021.10.win32_1.0.100.202210260954/tools/bin/../lib/gcc/arm-none-eabi/10.3.1/../../../../arm-none-eabi/lib/thumb/v7-m/nofp\libc_nano.a(lib_a-nano-vfprintf_i.o)
                              d:/software/stm32cubeide_1.11.0/stm32cubeide/plugins/com.st.stm32cube.ide.mcu.externaltools.gnu-tools-for-stm32.10.3-2021.10.win32_1.0.100.202210260954/tools/bin/../lib/gcc/arm-none-eabi/10.3.1/../../../../arm-none-eabi/lib/thumb/v7-m/nofp\libc_nano.a(lib_a-nano-svfprintf.o) (_printf_i)
d:/software/stm32cubeide_1.11.0/stm32cubeide/plugins/com.st.stm32cube.ide.mcu.externaltools.gnu-tools-for-stm32.10.3-2021.10.win32_1.0.100.202210260954/tools/bin/../lib/gcc/arm-none-eabi/10.3.1/../../../../arm-none-eabi/lib/thumb/v7-m/nofp\libc_nano.a(lib_a-memchr-stub.o)
[...]
Memory Configuration

Name             Origin             Length             Attributes
RAM              0x0000000020000000 0x0000000000005000 xrw
FLASH            0x0000000008000000 0x0000000000010000 xr
*default*        0x0000000000000000 0xffffffffffffffff

Linker script and memory map

LOAD d:/software/stm32cubeide_1.11.0/stm32cubeide/plugins/com.st.stm32cube.ide.mcu.externaltools.gnu-tools-for-stm32.10.3-2021.10.win32_1.0.100.202210260954/tools/bin/../lib/gcc/arm-none-eabi/10.3.1/thumb/v7-m/nofp/crti.o
LOAD d:/software/stm32cubeide_1.11.0/stm32cubeide/plugins/com.st.stm32cube.ide.mcu.externaltools.gnu-tools-for-stm32.10.3-2021.10.win32_1.0.100.202210260954/tools/bin/../lib/gcc/arm-none-eabi/10.3.1/thumb/v7-m/nofp/crtbegin.o
LOAD d:/software/stm32cubeide_1.11.0/stm32cubeide/plugins/com.st.stm32cube.ide.mcu.externaltools.gnu-tools-for-stm32.10.3-2021.10.win32_1.0.100.202210260954/tools/bin/../lib/gcc/arm-none-eabi/10.3.1/../../../../arm-none-eabi/lib/thumb/v7-m/nofp/crt0.o
LOAD ./Core/Src/BUTTON.o
LOAD ./Core/Src/DELAY.o
LOAD ./Core/Src/DHT11.o
LOAD ./Core/Src/DISPLAY.o
LOAD ./Core/Src/DS1307.o
LOAD ./Core/Src/LCD.o
LOAD ./Core/Src/MENU.o
LOAD ./Core/Src/ROTARY_ENCODER.o
LOAD ./Core/Src/main.o
LOAD ./Core/Src/stm32f1xx_hal_msp.o
LOAD ./Core/Src/stm32f1xx_it.o
LOAD ./Core/Src/syscalls.o
LOAD ./Core/Src/sysmem.o
LOAD ./Core/Src/system_stm32f1xx.o
LOAD ./Core/Startup/startup_stm32f103c8tx.o
LOAD ./Drivers/STM32F1xx_HAL_Driver/stm32f1xx_hal.o
LOAD ./Drivers/STM32F1xx_HAL_Driver/stm32f1xx_hal_cortex.o
LOAD ./Drivers/STM32F1xx_HAL_Driver/stm32f1xx_hal_dma.o
LOAD ./Drivers/STM32F1xx_HAL_Driver/stm32f1xx_hal_exti.o
LOAD ./Drivers/STM32F1xx_HAL_Driver/stm32f1xx_hal_flash.o
LOAD ./Drivers/STM32F1xx_HAL_Driver/stm32f1xx_hal_flash_ex.o
LOAD ./Drivers/STM32F1xx_HAL_Driver/stm32f1xx_hal_gpio.o
LOAD ./Drivers/STM32F1xx_HAL_Driver/stm32f1xx_hal_gpio_ex.o
LOAD ./Drivers/STM32F1xx_HAL_Driver/stm32f1xx_hal_i2c.o
LOAD ./Drivers/STM32F1xx_HAL_Driver/stm32f1xx_hal_pwr.o
LOAD ./Drivers/STM32F1xx_HAL_Driver/stm32f1xx_hal_rcc.o
LOAD ./Drivers/STM32F1xx_HAL_Driver/stm32f1xx_hal_rcc_ex.o
LOAD ./Drivers/STM32F1xx_HAL_Driver/stm32f1xx_hal_tim.o
LOAD ./Drivers/STM32F1xx_HAL_Driver/stm32f1xx_hal_tim_ex.o
START GROUP
LOAD d:/software/stm32cubeide_1.11.0/stm32cubeide/plugins/com.st.stm32cube.ide.mcu.externaltools.gnu-tools-for-stm32.10.3-2021.10.win32_1.0.100.202210260954/tools/bin/../lib/gcc/arm-none-eabi/10.3.1/../../../../arm-none-eabi/lib/thumb/v7-m/nofp\libc_nano.a
LOAD d:/software/stm32cubeide_1.11.0/stm32cubeide/plugins/com.st.stm32cube.ide.mcu.externaltools.gnu-tools-for-stm32.10.3-2021.10.win32_1.0.100.202210260954/tools/bin/../lib/gcc/arm-none-eabi/10.3.1/../../../../arm-none-eabi/lib/thumb/v7-m/nofp\libm.a
END GROUP
START GROUP
LOAD d:/software/stm32cubeide_1.11.0/stm32cubeide/plugins/com.st.stm32cube.ide.mcu.externaltools.gnu-tools-for-stm32.10.3-2021.10.win32_1.0.100.202210260954/tools/bin/../lib/gcc/arm-none-eabi/10.3.1/thumb/v7-m/nofp\libgcc.a
LOAD d:/software/stm32cubeide_1.11.0/stm32cubeide/plugins/com.st.stm32cube.ide.mcu.externaltools.gnu-tools-for-stm32.10.3-2021.10.win32_1.0.100.202210260954/tools/bin/../lib/gcc/arm-none-eabi/10.3.1/../../../../arm-none-eabi/lib/thumb/v7-m/nofp\libc_nano.a
END GROUP
START GROUP
LOAD d:/software/stm32cubeide_1.11.0/stm32cubeide/plugins/com.st.stm32cube.ide.mcu.externaltools.gnu-tools-for-stm32.10.3-2021.10.win32_1.0.100.202210260954/tools/bin/../lib/gcc/arm-none-eabi/10.3.1/thumb/v7-m/nofp\libgcc.a
LOAD d:/software/stm32cubeide_1.11.0/stm32cubeide/plugins/com.st.stm32cube.ide.mcu.externaltools.gnu-tools-for-stm32.10.3-2021.10.win32_1.0.100.202210260954/tools/bin/../lib/gcc/arm-none-eabi/10.3.1/../../../../arm-none-eabi/lib/thumb/v7-m/nofp\libc_nano.a
LOAD d:/software/stm32cubeide_1.11.0/stm32cubeide/plugins/com.st.stm32cube.ide.mcu.externaltools.gnu-tools-for-stm32.10.3-2021.10.win32_1.0.100.202210260954/tools/bin/../lib/gcc/arm-none-eabi/10.3.1/../../../../arm-none-eabi/lib/thumb/v7-m/nofp\libnosys.a
END GROUP
START GROUP
LOAD d:/software/stm32cubeide_1.11.0/stm32cubeide/plugins/com.st.stm32cube.ide.mcu.externaltools.gnu-tools-for-stm32.10.3-2021.10.win32_1.0.100.202210260954/tools/bin/../lib/gcc/arm-none-eabi/10.3.1/thumb/v7-m/nofp\libgcc.a
LOAD d:/software/stm32cubeide_1.11.0/stm32cubeide/plugins/com.st.stm32cube.ide.mcu.externaltools.gnu-tools-for-stm32.10.3-2021.10.win32_1.0.100.202210260954/tools/bin/../lib/gcc/arm-none-eabi/10.3.1/../../../../arm-none-eabi/lib/thumb/v7-m/nofp\libc_nano.a
LOAD d:/software/stm32cubeide_1.11.0/stm32cubeide/plugins/com.st.stm32cube.ide.mcu.externaltools.gnu-tools-for-stm32.10.3-2021.10.win32_1.0.100.202210260954/tools/bin/../lib/gcc/arm-none-eabi/10.3.1/../../../../arm-none-eabi/lib/thumb/v7-m/nofp\libnosys.a
END GROUP
LOAD d:/software/stm32cubeide_1.11.0/stm32cubeide/plugins/com.st.stm32cube.ide.mcu.externaltools.gnu-tools-for-stm32.10.3-2021.10.win32_1.0.100.202210260954/tools/bin/../lib/gcc/arm-none-eabi/10.3.1/thumb/v7-m/nofp/crtend.o
LOAD d:/software/stm32cubeide_1.11.0/stm32cubeide/plugins/com.st.stm32cube.ide.mcu.externaltools.gnu-tools-for-stm32.10.3-2021.10.win32_1.0.100.202210260954/tools/bin/../lib/gcc/arm-none-eabi/10.3.1/thumb/v7-m/nofp/crtn.o
                0x0000000020005000                _estack = (ORIGIN (RAM) + LENGTH (RAM))
                0x0000000000000200                _Min_Heap_Size = 0x200
                0x0000000000000400                _Min_Stack_Size = 0x400

.isr_vector     0x0000000008000000      0x10c
                0x0000000008000000                . = ALIGN (0x4)
 *(.isr_vector)
 .isr_vector    0x0000000008000000      0x10c ./Core/Startup/startup_stm32f103c8tx.o
                0x0000000008000000                g_pfnVectors
                0x000000000800010c                . = ALIGN (0x4)

.text           0x000000000800010c     0x4514
                0x000000000800010c                . = ALIGN (0x4)
 *(.text)
 .text          0x000000000800010c       0x40 d:/software/stm32cubeide_1.11.0/stm32cubeide/plugins/com.st.stm32cube.ide.mcu.externaltools.gnu-tools-for-stm32.10.3-2021.10.win32_1.0.100.202210260954/tools/bin/../lib/gcc/arm-none-eabi/10.3.1/thumb/v7-m/nofp/crtbegin.o
 .text          0x000000000800014c       0x10 d:/software/stm32cubeide_1.11.0/stm32cubeide/plugins/com.st.stm32cube.ide.mcu.externaltools.gnu-tools-for-stm32.10.3-2021.10.win32_1.0.100.202210260954/tools/bin/../lib/gcc/arm-none-eabi/10.3.1/../../../../arm-none-eabi/lib/thumb/v7-m/nofp\libc_nano.a(lib_a-strlen.o)
                0x000000000800014c                strlen
 *(.text*)
 .text.BUTTON_Handle
                0x000000000800015c       0x30 ./Core/Src/BUTTON.o
                0x000000000800015c                BUTTON_Handle
 .text.BUTTON_Detect
                0x000000000800018c       0xc2 ./Core/Src/BUTTON.o
                0x000000000800018c                BUTTON_Detect
 .text.PRESSED_SignalHandle
                0x000000000800024e       0x78 ./Core/Src/BUTTON.o
                0x000000000800024e                PRESSED_SignalHandle
 *fill*         0x00000000080002c6        0x2 
 .text.DELAY_Init
                0x00000000080002c8       0x1c ./Core/Src/DELAY.o
                0x00000000080002c8                DELAY_Init
 .text.DELAY_us
                0x00000000080002e4       0x44 ./Core/Src/DELAY.o
                0x00000000080002e4                DELAY_us
 .text.DHT11_Init
                0x0000000008000328       0x38 ./Core/Src/DHT11.o
                0x0000000008000328                DHT11_Init
 .text.PIN_ChangeMode_INPUT
                0x0000000008000360       0x3a ./Core/Src/DHT11.o
                0x0000000008000360                PIN_ChangeMode_INPUT
 .text.PIN_ChangeMode_OUTPUT
                0x000000000800039a       0x3a ./Core/Src/DHT11.o
                0x000000000800039a                PIN_ChangeMode_OUTPUT
 .text.START_Signal_Transmit
                0x00000000080003d4       0x48 ./Core/Src/DHT11.o
                0x00000000080003d4                START_Signal_Transmit
 .text.RESPONE_SIGNAL_Check
                0x000000000800041c       0x78 ./Core/Src/DHT11.o
                0x000000000800041c                RESPONE_SIGNAL_Check
 .text.BYTE_ReadValueReceive
                0x0000000008000494       0xa8 ./Core/Src/DHT11.o
                0x0000000008000494                BYTE_ReadValueReceive
 .text.DHT11_Handle
                0x000000000800053c       0x6c ./Core/Src/DHT11.o
                0x000000000800053c                DHT11_Handle
 .text.DISPLAY_Handle
                0x00000000080005a8      0x1c0 ./Core/Src/DISPLAY.o
                0x00000000080005a8                DISPLAY_Handle
 .text.TIME_DisplayToLCD
                0x0000000008000768       0xd0 ./Core/Src/DISPLAY.o
                0x0000000008000768                TIME_DisplayToLCD
 .text.Date_DisplayToLCD
                0x0000000008000838      0x104 ./Core/Src/DISPLAY.o
                0x0000000008000838                Date_DisplayToLCD
 .text.OPTION_DisplayToLCD
                0x000000000800093c       0xd4 ./Core/Src/DISPLAY.o
                0x000000000800093c                OPTION_DisplayToLCD
 .text.SET_TIME_OptionDisplayToLCD
                0x0000000008000a10       0x14 ./Core/Src/DISPLAY.o
                0x0000000008000a10                SET_TIME_OptionDisplayToLCD
 .text.DS1307_Init
                0x0000000008000a24       0x1c ./Core/Src/DS1307.o
                0x0000000008000a24                DS1307_Init
 .text.TIME_Init
                0x0000000008000a40       0x4e ./Core/Src/DS1307.o
                0x0000000008000a40                TIME_Init
 *fill*         0x0000000008000a8e        0x2 
 .text.DEC_TO_BCD
                0x0000000008000a90       0x48 ./Core/Src/DS1307.o
                0x0000000008000a90                DEC_TO_BCD
 .text.BCD_TO_DEC
                0x0000000008000ad8       0x30 ./Core/Src/DS1307.o
                0x0000000008000ad8                BCD_TO_DEC
 .text.DS1307_WriteTime
                0x0000000008000b08       0x90 ./Core/Src/DS1307.o
                0x0000000008000b08                DS1307_WriteTime
 .text.DS1307_ReadTime
                0x0000000008000b98       0xb0 ./Core/Src/DS1307.o
                0x0000000008000b98                DS1307_ReadTime
 .text.LCD_CMD_Transmit
                0x0000000008000c48      0x114 ./Core/Src/LCD.o
                0x0000000008000c48                LCD_CMD_Transmit
 .text.LCD_Init
                0x0000000008000d5c       0x80 ./Core/Src/LCD.o
                0x0000000008000d5c                LCD_Init
 .text.LCD_DATA_Transmit
                0x0000000008000ddc      0x114 ./Core/Src/LCD.o
                0x0000000008000ddc                LCD_DATA_Transmit
 .text.LCD_Set_Cursor
                0x0000000008000ef0       0x4c ./Core/Src/LCD.o
                0x0000000008000ef0                LCD_Set_Cursor
 .text.LCD_Clear
                0x0000000008000f3c        0xe ./Core/Src/LCD.o
                0x0000000008000f3c                LCD_Clear
 .text.LCD_Write_String
                0x0000000008000f4a       0x3a ./Core/Src/LCD.o
                0x0000000008000f4a                LCD_Write_String
 .text.LCD_Printf
                0x0000000008000f84       0x5a ./Core/Src/LCD.o
                0x0000000008000f84                LCD_Printf
 *fill*         0x0000000008000fde        0x2 
 .text.MENU_Handle
                0x0000000008000fe0       0x64 ./Core/Src/MENU.o
                0x0000000008000fe0                MENU_Handle
 .text.OPTION_SetTimeHandle
                0x0000000008001044       0x74 ./Core/Src/MENU.o
                0x0000000008001044                OPTION_SetTimeHandle
 .text.OPTION_TempHandle
                0x00000000080010b8       0x68 ./Core/Src/MENU.o
                0x00000000080010b8                OPTION_TempHandle
 .text.OPTION_ExitHandle
                0x0000000008001120       0x20 ./Core/Src/MENU.o
                0x0000000008001120                OPTION_ExitHandle
 .text.ROTARY_ENCODER_Handle
                0x0000000008001140       0x2c ./Core/Src/ROTARY_ENCODER.o
                0x0000000008001140                ROTARY_ENCODER_Handle
 .text.ROTARY_ENCODER_Detect
                0x000000000800116c       0xc8 ./Core/Src/ROTARY_ENCODER.o
                0x000000000800116c                ROTARY_ENCODER_Detect
 .text.ROTARY_SignalHandle
                0x0000000008001234       0x4e ./Core/Src/ROTARY_ENCODER.o
                0x0000000008001234                ROTARY_SignalHandle
 .text.ROTARY_FollowCW_Handle
                0x0000000008001282       0x8e ./Core/Src/ROTARY_ENCODER.o
                0x0000000008001282                ROTARY_FollowCW_Handle
 .text.ROTARY_AntiCW_Handle
                0x0000000008001310       0x8e ./Core/Src/ROTARY_ENCODER.o
                0x0000000008001310                ROTARY_AntiCW_Handle
 *fill*         0x000000000800139e        0x2 
 .text.main     0x00000000080013a0      0x100 ./Core/Src/main.o
                0x00000000080013a0                main
 .text.SystemClock_Config
                0x00000000080014a0       0x76 ./Core/Src/main.o
                0x00000000080014a0                SystemClock_Config
 *fill*         0x0000000008001516        0x2 
 .text.MX_I2C2_Init
                0x0000000008001518       0x5c ./Core/Src/main.o
 .text.MX_TIM1_Init
                0x0000000008001574       0xa0 ./Core/Src/main.o
 .text.MX_GPIO_Init
                0x0000000008001614       0xc4 ./Core/Src/main.o
 .text.Error_Handler
                0x00000000080016d8        0xa ./Core/Src/main.o
                0x00000000080016d8                Error_Handler
 *fill*         0x00000000080016e2        0x2 
 .text.HAL_MspInit
                0x00000000080016e4       0x64 ./Core/Src/stm32f1xx_hal_msp.o
                0x00000000080016e4                HAL_MspInit
 .text.HAL_I2C_MspInit
                0x0000000008001748       0x80 ./Core/Src/stm32f1xx_hal_msp.o
                0x0000000008001748                HAL_I2C_MspInit
 .text.HAL_TIM_Base_MspInit
                0x00000000080017c8       0x3c ./Core/Src/stm32f1xx_hal_msp.o
                0x00000000080017c8                HAL_TIM_Base_MspInit
 .text.NMI_Handler
                0x0000000008001804        0x6 ./Core/Src/stm32f1xx_it.o
                0x0000000008001804                NMI_Handler
 .text.HardFault_Handler
                0x000000000800180a        0x6 ./Core/Src/stm32f1xx_it.o
                0x000000000800180a                HardFault_Handler
 .text.MemManage_Handler
                0x0000000008001810        0x6 ./Core/Src/stm32f1xx_it.o
                0x0000000008001810                MemManage_Handler
 .text.BusFault_Handler
                0x0000000008001816        0x6 ./Core/Src/stm32f1xx_it.o
                0x0000000008001816                BusFault_Handler
 .text.UsageFault_Handler
                0x000000000800181c        0x6 ./Core/Src/stm32f1xx_it.o
                0x000000000800181c                UsageFault_Handler
 .text.SVC_Handler
                0x0000000008001822        0xc ./Core/Src/stm32f1xx_it.o
                0x0000000008001822                SVC_Handler
 .text.DebugMon_Handler
                0x000000000800182e        0xc ./Core/Src/stm32f1xx_it.o
                0x000000000800182e                DebugMon_Handler
 .text.PendSV_Handler
                0x000000000800183a        0xc ./Core/Src/stm32f1xx_it.o
                0x000000000800183a                PendSV_Handler
 .text.SysTick_Handler
                0x0000000008001846        0xc ./Core/Src/stm32f1xx_it.o
                0x0000000008001846                SysTick_Handler
 *fill*         0x0000000008001852        0x2 
 .text._sbrk    0x0000000008001854       0x6c ./Core/Src/sysmem.o
                0x0000000008001854                _sbrk
 .text.SystemInit
                0x00000000080018c0        0xc ./Core/Src/system_stm32f1xx.o
                0x00000000080018c0                SystemInit
 .text.Reset_Handler
                0x00000000080018cc       0x48 ./Core/Startup/startup_stm32f103c8tx.o
                0x00000000080018cc                Reset_Handler
 .text.Default_Handler
                0x0000000008001914        0x2 ./Core/Startup/startup_stm32f103c8tx.o
                0x0000000008001914                RTC_Alarm_IRQHandler
                0x0000000008001914                EXTI2_IRQHandler
                0x0000000008001914                TIM1_CC_IRQHandler
                0x0000000008001914                PVD_IRQHandler
                0x0000000008001914                EXTI3_IRQHandler
                0x0000000008001914                EXTI0_IRQHandler
                0x0000000008001914                I2C2_EV_IRQHandler
                0x0000000008001914                ADC1_2_IRQHandler
                0x0000000008001914                SPI1_IRQHandler
                0x0000000008001914                TAMPER_IRQHandler
                0x0000000008001914                DMA1_Channel4_IRQHandler
                0x0000000008001914                USART3_IRQHandler
                0x0000000008001914                RTC_IRQHandler
                0x0000000008001914                DMA1_Channel7_IRQHandler
                0x0000000008001914                CAN1_RX1_IRQHandler
                0x0000000008001914                TIM4_IRQHandler
                0x0000000008001914                I2C1_EV_IRQHandler
                0x0000000008001914                DMA1_Channel6_IRQHandler
                0x0000000008001914                TIM3_IRQHandler
                0x0000000008001914                RCC_IRQHandler
                0x0000000008001914                TIM1_TRG_COM_IRQHandler
                0x0000000008001914                DMA1_Channel1_IRQHandler
                0x0000000008001914                Default_Handler
                0x0000000008001914                EXTI15_10_IRQHandler
                0x0000000008001914                EXTI9_5_IRQHandler
                0x0000000008001914                SPI2_IRQHandler
                0x0000000008001914                DMA1_Channel5_IRQHandler
                0x0000000008001914                EXTI4_IRQHandler
                0x0000000008001914                USB_LP_CAN1_RX0_IRQHandler
                0x0000000008001914                USB_HP_CAN1_TX_IRQHandler
                0x0000000008001914                DMA1_Channel3_IRQHandler
                0x0000000008001914                TIM1_UP_IRQHandler
                0x0000000008001914                WWDG_IRQHandler
                0x0000000008001914                TIM2_IRQHandler
                0x0000000008001914                TIM1_BRK_IRQHandler
                0x0000000008001914                EXTI1_IRQHandler
                0x0000000008001914                USART2_IRQHandler
                0x0000000008001914                I2C2_ER_IRQHandler
                0x0000000008001914                DMA1_Channel2_IRQHandler
                0x0000000008001914                CAN1_SCE_IRQHandler
                0x0000000008001914                FLASH_IRQHandler
                0x0000000008001914                USART1_IRQHandler
                0x0000000008001914                I2C1_ER_IRQHandler
                0x0000000008001914                USBWakeUp_IRQHandler
 *fill*         0x0000000008001916        0x2 
 .text.HAL_Init
                0x0000000008001918       0x2c ./Drivers/STM32F1xx_HAL_Driver/stm32f1xx_hal.o
                0x0000000008001918                HAL_Init
 .text.HAL_InitTick
                0x0000000008001944       0x60 ./Drivers/STM32F1xx_HAL_Driver/stm32f1xx_hal.o
                0x0000000008001944                HAL_InitTick
 .text.HAL_IncTick
                0x00000000080019a4       0x24 ./Drivers/STM32F1xx_HAL_Driver/stm32f1xx_hal.o
                0x00000000080019a4                HAL_IncTick
 .text.HAL_GetTick
                0x00000000080019c8       0x14 ./Drivers/STM32F1xx_HAL_Driver/stm32f1xx_hal.o
                0x00000000080019c8                HAL_GetTick
 .text.HAL_Delay
                0x00000000080019dc       0x48 ./Drivers/STM32F1xx_HAL_Driver/stm32f1xx_hal.o
                0x00000000080019dc                HAL_Delay
 .text.__NVIC_SetPriorityGrouping
                0x0000000008001a24       0x48 ./Drivers/STM32F1xx_HAL_Driver/stm32f1xx_hal_cortex.o
 .text.__NVIC_GetPriorityGrouping
                0x0000000008001a6c       0x1c ./Drivers/STM32F1xx_HAL_Driver/stm32f1xx_hal_cortex.o
 .text.__NVIC_SetPriority
                0x0000000008001a88       0x54 ./Drivers/STM32F1xx_HAL_Driver/stm32f1xx_hal_cortex.o
 .text.NVIC_EncodePriority
                0x0000000008001adc       0x64 ./Drivers/STM32F1xx_HAL_Driver/stm32f1xx_hal_cortex.o
 .text.SysTick_Config
                0x0000000008001b40       0x44 ./Drivers/STM32F1xx_HAL_Driver/stm32f1xx_hal_cortex.o
 .text.HAL_NVIC_SetPriorityGrouping
                0x0000000008001b84       0x16 ./Drivers/STM32F1xx_HAL_Driver/stm32f1xx_hal_cortex.o
                0x0000000008001b84                HAL_NVIC_SetPriorityGrouping
 .text.HAL_NVIC_SetPriority
                0x0000000008001b9a       0x38 ./Drivers/STM32F1xx_HAL_Driver/stm32f1xx_hal_cortex.o
                0x0000000008001b9a                HAL_NVIC_SetPriority
 .text.HAL_SYSTICK_Config
                0x0000000008001bd2       0x18 ./Drivers/STM32F1xx_HAL_Driver/stm32f1xx_hal_cortex.o
                0x0000000008001bd2                HAL_SYSTICK_Config
 *fill*         0x0000000008001bea        0x2 
 .text.HAL_GPIO_Init
                0x0000000008001bec      0x308 ./Drivers/STM32F1xx_HAL_Driver/stm32f1xx_hal_gpio.o
                0x0000000008001bec                HAL_GPIO_Init
 .text.HAL_GPIO_ReadPin
                0x0000000008001ef4       0x2e ./Drivers/STM32F1xx_HAL_Driver/stm32f1xx_hal_gpio.o
                0x0000000008001ef4                HAL_GPIO_ReadPin
 .text.HAL_GPIO_WritePin
                0x0000000008001f22       0x30 ./Drivers/STM32F1xx_HAL_Driver/stm32f1xx_hal_gpio.o
                0x0000000008001f22                HAL_GPIO_WritePin
 *fill*         0x0000000008001f52        0x2 
 .text.HAL_I2C_Init
                0x0000000008001f54      0x288 ./Drivers/STM32F1xx_HAL_Driver/stm32f1xx_hal_i2c.o
                0x0000000008001f54                HAL_I2C_Init
 .text.HAL_I2C_Master_Transmit
                0x00000000080021dc      0x1fc ./Drivers/STM32F1xx_HAL_Driver/stm32f1xx_hal_i2c.o
                0x00000000080021dc                HAL_I2C_Master_Transmit
 .text.HAL_I2C_Master_Receive
                0x00000000080023d8      0x4c0 ./Drivers/STM32F1xx_HAL_Driver/stm32f1xx_hal_i2c.o
                0x00000000080023d8                HAL_I2C_Master_Receive
 .text.I2C_MasterRequestWrite
                0x0000000008002898      0x104 ./Drivers/STM32F1xx_HAL_Driver/stm32f1xx_hal_i2c.o
 .text.I2C_MasterRequestRead
                0x000000000800299c      0x19c ./Drivers/STM32F1xx_HAL_Driver/stm32f1xx_hal_i2c.o
 .text.I2C_WaitOnFlagUntilTimeout
                0x0000000008002b38       0xae ./Drivers/STM32F1xx_HAL_Driver/stm32f1xx_hal_i2c.o
 .text.I2C_WaitOnMasterAddressFlagUntilTimeout
                0x0000000008002be6       0xfe ./Drivers/STM32F1xx_HAL_Driver/stm32f1xx_hal_i2c.o
 .text.I2C_WaitOnTXEFlagUntilTimeout
                0x0000000008002ce4       0x82 ./Drivers/STM32F1xx_HAL_Driver/stm32f1xx_hal_i2c.o
 .text.I2C_WaitOnBTFFlagUntilTimeout
                0x0000000008002d66       0x82 ./Drivers/STM32F1xx_HAL_Driver/stm32f1xx_hal_i2c.o
 .text.I2C_WaitOnRXNEFlagUntilTimeout
                0x0000000008002de8       0xac ./Drivers/STM32F1xx_HAL_Driver/stm32f1xx_hal_i2c.o
 .text.I2C_IsAcknowledgeFailed
                0x0000000008002e94       0x5c ./Drivers/STM32F1xx_HAL_Driver/stm32f1xx_hal_i2c.o
 .text.HAL_RCC_OscConfig
                0x0000000008002ef0      0x504 ./Drivers/STM32F1xx_HAL_Driver/stm32f1xx_hal_rcc.o
                0x0000000008002ef0                HAL_RCC_OscConfig
 .text.HAL_RCC_ClockConfig
                0x00000000080033f4      0x1d4 ./Drivers/STM32F1xx_HAL_Driver/stm32f1xx_hal_rcc.o
                0x00000000080033f4                HAL_RCC_ClockConfig
 .text.HAL_RCC_GetSysClockFreq
                0x00000000080035c8       0xbc ./Drivers/STM32F1xx_HAL_Driver/stm32f1xx_hal_rcc.o
                0x00000000080035c8                HAL_RCC_GetSysClockFreq
 .text.HAL_RCC_GetHCLKFreq
                0x0000000008003684       0x14 ./Drivers/STM32F1xx_HAL_Driver/stm32f1xx_hal_rcc.o
                0x0000000008003684                HAL_RCC_GetHCLKFreq
 .text.HAL_RCC_GetPCLK1Freq
                0x0000000008003698       0x28 ./Drivers/STM32F1xx_HAL_Driver/stm32f1xx_hal_rcc.o
                0x0000000008003698                HAL_RCC_GetPCLK1Freq
 .text.RCC_Delay
                0x00000000080036c0       0x3c ./Drivers/STM32F1xx_HAL_Driver/stm32f1xx_hal_rcc.o
 .text.HAL_TIM_Base_Init
                0x00000000080036fc       0x9e ./Drivers/STM32F1xx_HAL_Driver/stm32f1xx_hal_tim.o
                0x00000000080036fc                HAL_TIM_Base_Init
 *fill*         0x000000000800379a        0x2 
 .text.HAL_TIM_Base_Start
                0x000000000800379c       0x94 ./Drivers/STM32F1xx_HAL_Driver/stm32f1xx_hal_tim.o
                0x000000000800379c                HAL_TIM_Base_Start
 .text.HAL_TIM_Base_Stop
                0x0000000008003830       0x4c ./Drivers/STM32F1xx_HAL_Driver/stm32f1xx_hal_tim.o
                0x0000000008003830                HAL_TIM_Base_Stop
 .text.HAL_TIM_ConfigClockSource
                0x000000000800387c      0x188 ./Drivers/STM32F1xx_HAL_Driver/stm32f1xx_hal_tim.o
                0x000000000800387c                HAL_TIM_ConfigClockSource
 .text.TIM_Base_SetConfig
                0x0000000008003a04       0xc4 ./Drivers/STM32F1xx_HAL_Driver/stm32f1xx_hal_tim.o
                0x0000000008003a04                TIM_Base_SetConfig
 .text.TIM_TI1_ConfigInputStage
                0x0000000008003ac8       0x5c ./Drivers/STM32F1xx_HAL_Driver/stm32f1xx_hal_tim.o
 .text.TIM_TI2_ConfigInputStage
                0x0000000008003b24       0x5e ./Drivers/STM32F1xx_HAL_Driver/stm32f1xx_hal_tim.o
 .text.TIM_ITRx_SetConfig
                0x0000000008003b82       0x34 ./Drivers/STM32F1xx_HAL_Driver/stm32f1xx_hal_tim.o
 .text.TIM_ETR_SetConfig
                0x0000000008003bb6       0x3e ./Drivers/STM32F1xx_HAL_Driver/stm32f1xx_hal_tim.o
                0x0000000008003bb6                TIM_ETR_SetConfig
 .text.HAL_TIMEx_MasterConfigSynchronization
                0x0000000008003bf4       0xbc ./Drivers/STM32F1xx_HAL_Driver/stm32f1xx_hal_tim_ex.o
                0x0000000008003bf4                HAL_TIMEx_MasterConfigSynchronization
 .text.__errno  0x0000000008003cb0        0xc d:/software/stm32cubeide_1.11.0/stm32cubeide/plugins/com.st.stm32cube.ide.mcu.externaltools.gnu-tools-for-stm32.10.3-2021.10.win32_1.0.100.202210260954/tools/bin/../lib/gcc/arm-none-eabi/10.3.1/../../../../arm-none-eabi/lib/thumb/v7-m/nofp\libc_nano.a(lib_a-errno.o)
                0x0000000008003cb0                __errno
 .text.__libc_init_array
                0x0000000008003cbc       0x48 d:/software/stm32cubeide_1.11.0/stm32cubeide/plugins/com.st.stm32cube.ide.mcu.externaltools.gnu-tools-for-stm32.10.3-2021.10.win32_1.0.100.202210260954/tools/bin/../lib/gcc/arm-none-eabi/10.3.1/../../../../arm-none-eabi/lib/thumb/v7-m/nofp\libc_nano.a(lib_a-init.o)
                0x0000000008003cbc                __libc_init_array
 .text.memset   0x0000000008003d04       0x10 d:/software/stm32cubeide_1.11.0/stm32cubeide/plugins/com.st.stm32cube.ide.mcu.externaltools.gnu-tools-for-stm32.10.3-2021.10.win32_1.0.100.202210260954/tools/bin/../lib/gcc/arm-none-eabi/10.3.1/../../../../arm-none-eabi/lib/thumb/v7-m/nofp\libc_nano.a(lib_a-memset.o)
                0x0000000008003d04                memset
 .text._vsprintf_r
                0x0000000008003d14       0x2c d:/software/stm32cubeide_1.11.0/stm32cubeide/plugins/com.st.stm32cube.ide.mcu.externaltools.gnu-tools-for-stm32.10.3-2021.10.win32_1.0.100.202210260954/tools/bin/../lib/gcc/arm-none-eabi/10.3.1/../../../../arm-none-eabi/lib/thumb/v7-m/nofp\libc_nano.a(lib_a-vsprintf.o)
                0x0000000008003d14                _vsprintf_r
                0x0000000008003d14                _vsiprintf_r
 .text.vsprintf
                0x0000000008003d40       0x14 d:/software/stm32cubeide_1.11.0/stm32cubeide/plugins/com.st.stm32cube.ide.mcu.externaltools.gnu-tools-for-stm32.10.3-2021.10.win32_1.0.100.202210260954/tools/bin/../lib/gcc/arm-none-eabi/10.3.1/../../../../arm-none-eabi/lib/thumb/v7-m/nofp\libc_nano.a(lib_a-vsprintf.o)
                0x0000000008003d40                vsiprintf
                0x0000000008003d40                vsprintf
 .text.__ssputs_r
                0x0000000008003d54       0xb6 d:/software/stm32cubeide_1.11.0/stm32cubeide/plugins/com.st.stm32cube.ide.mcu.externaltools.gnu-tools-for-stm32.10.3-2021.10.win32_1.0.100.202210260954/tools/bin/../lib/gcc/arm-none-eabi/10.3.1/../../../../arm-none-eabi/lib/thumb/v7-m/nofp\libc_nano.a(lib_a-nano-svfprintf.o)
                0x0000000008003d54                __ssputs_r
 *fill*         0x0000000008003e0a        0x2 
 .text._svfprintf_r
                0x0000000008003e0c      0x200 d:/software/stm32cubeide_1.11.0/stm32cubeide/plugins/com.st.stm32cube.ide.mcu.externaltools.gnu-tools-for-stm32.10.3-2021.10.win32_1.0.100.202210260954/tools/bin/../lib/gcc/arm-none-eabi/10.3.1/../../../../arm-none-eabi/lib/thumb/v7-m/nofp\libc_nano.a(lib_a-nano-svfprintf.o)
                0x0000000008003e0c                _svfiprintf_r
                0x0000000008003e0c                _svfprintf_r
 .text._printf_common
                0x000000000800400c       0xde d:/software/stm32cubeide_1.11.0/stm32cubeide/plugins/com.st.stm32cube.ide.mcu.externaltools.gnu-tools-for-stm32.10.3-2021.10.win32_1.0.100.202210260954/tools/bin/../lib/gcc/arm-none-eabi/10.3.1/../../../../arm-none-eabi/lib/thumb/v7-m/nofp\libc_nano.a(lib_a-nano-vfprintf_i.o)
                0x000000000800400c                _printf_common
 *fill*         0x00000000080040ea        0x2 
 .text._printf_i
                0x00000000080040ec      0x24c d:/software/stm32cubeide_1.11.0/stm32cubeide/plugins/com.st.stm32cube.ide.mcu.externaltools.gnu-tools-for-stm32.10.3-2021.10.win32_1.0.100.202210260954/tools/bin/../lib/gcc/arm-none-eabi/10.3.1/../../../../arm-none-eabi/lib/thumb/v7-m/nofp\libc_nano.a(lib_a-nano-vfprintf_i.o)
                0x00000000080040ec                _printf_i
 .text.memchr   0x0000000008004338       0x1c d:/software/stm32cubeide_1.11.0/stm32cubeide/plugins/com.st.stm32cube.ide.mcu.externaltools.gnu-tools-for-stm32.10.3-2021.10.win32_1.0.100.202210260954/tools/bin/../lib/gcc/arm-none-eabi/10.3.1/../../../../arm-none-eabi/lib/thumb/v7-m/nofp\libc_nano.a(lib_a-memchr-stub.o)
                0x0000000008004338                memchr
 .text.memcpy   0x0000000008004354       0x1c d:/software/stm32cubeide_1.11.0/stm32cubeide/plugins/com.st.stm32cube.ide.mcu.externaltools.gnu-tools-for-stm32.10.3-2021.10.win32_1.0.100.202210260954/tools/bin/../lib/gcc/arm-none-eabi/10.3.1/../../../../arm-none-eabi/lib/thumb/v7-m/nofp\libc_nano.a(lib_a-memcpy-stub.o)
                0x0000000008004354                memcpy
 .text.memmove  0x0000000008004370       0x34 d:/software/stm32cubeide_1.11.0/stm32cubeide/plugins/com.st.stm32cube.ide.mcu.externaltools.gnu-tools-for-stm32.10.3-2021.10.win32_1.0.100.202210260954/tools/bin/../lib/gcc/arm-none-eabi/10.3.1/../../../../arm-none-eabi/lib/thumb/v7-m/nofp\libc_nano.a(lib_a-memmove.o)
                0x0000000008004370                memmove
 .text._free_r  0x00000000080043a4       0x90 d:/software/stm32cubeide_1.11.0/stm32cubeide/plugins/com.st.stm32cube.ide.mcu.externaltools.gnu-tools-for-stm32.10.3-2021.10.win32_1.0.100.202210260954/tools/bin/../lib/gcc/arm-none-eabi/10.3.1/../../../../arm-none-eabi/lib/thumb/v7-m/nofp\libc_nano.a(lib_a-nano-freer.o)
                0x00000000080043a4                _free_r
 .text.sbrk_aligned
                0x0000000008004434       0x40 d:/software/stm32cubeide_1.11.0/stm32cubeide/plugins/com.st.stm32cube.ide.mcu.externaltools.gnu-tools-for-stm32.10.3-2021.10.win32_1.0.100.202210260954/tools/bin/../lib/gcc/arm-none-eabi/10.3.1/../../../../arm-none-eabi/lib/thumb/v7-m/nofp\libc_nano.a(lib_a-nano-mallocr.o)
 .text._malloc_r
                0x0000000008004474       0xe8 d:/software/stm32cubeide_1.11.0/stm32cubeide/plugins/com.st.stm32cube.ide.mcu.externaltools.gnu-tools-for-stm32.10.3-2021.10.win32_1.0.100.202210260954/tools/bin/../lib/gcc/arm-none-eabi/10.3.1/../../../../arm-none-eabi/lib/thumb/v7-m/nofp\libc_nano.a(lib_a-nano-mallocr.o)
                0x0000000008004474                _malloc_r
 .text._realloc_r
                0x000000000800455c       0x5e d:/software/stm32cubeide_1.11.0/stm32cubeide/plugins/com.st.stm32cube.ide.mcu.externaltools.gnu-tools-for-stm32.10.3-2021.10.win32_1.0.100.202210260954/tools/bin/../lib/gcc/arm-none-eabi/10.3.1/../../../../arm-none-eabi/lib/thumb/v7-m/nofp\libc_nano.a(lib_a-nano-reallocr.o)
                0x000000000800455c                _realloc_r
 *fill*         0x00000000080045ba        0x2 
 .text._sbrk_r  0x00000000080045bc       0x20 d:/software/stm32cubeide_1.11.0/stm32cubeide/plugins/com.st.stm32cube.ide.mcu.externaltools.gnu-tools-for-stm32.10.3-2021.10.win32_1.0.100.202210260954/tools/bin/../lib/gcc/arm-none-eabi/10.3.1/../../../../arm-none-eabi/lib/thumb/v7-m/nofp\libc_nano.a(lib_a-sbrkr.o)
                0x00000000080045bc                _sbrk_r
 .text.__malloc_lock
                0x00000000080045dc        0xc d:/software/stm32cubeide_1.11.0/stm32cubeide/plugins/com.st.stm32cube.ide.mcu.externaltools.gnu-tools-for-stm32.10.3-2021.10.win32_1.0.100.202210260954/tools/bin/../lib/gcc/arm-none-eabi/10.3.1/../../../../arm-none-eabi/lib/thumb/v7-m/nofp\libc_nano.a(lib_a-mlock.o)
                0x00000000080045dc                __malloc_lock
 .text.__malloc_unlock
                0x00000000080045e8        0xc d:/software/stm32cubeide_1.11.0/stm32cubeide/plugins/com.st.stm32cube.ide.mcu.externaltools.gnu-tools-for-stm32.10.3-2021.10.win32_1.0.100.202210260954/tools/bin/../lib/gcc/arm-none-eabi/10.3.1/../../../../arm-none-eabi/lib/thumb/v7-m/nofp\libc_nano.a(lib_a-mlock.o)
                0x00000000080045e8                __malloc_unlock
 .text._malloc_usable_size_r
                0x00000000080045f4       0x10 d:/software/stm32cubeide_1.11.0/stm32cubeide/plugins/com.st.stm32cube.ide.mcu.externaltools.gnu-tools-for-stm32.10.3-2021.10.win32_1.0.100.202210260954/tools/bin/../lib/gcc/arm-none-eabi/10.3.1/../../../../arm-none-eabi/lib/thumb/v7-m/nofp\libc_nano.a(lib_a-nano-msizer.o)
                0x00000000080045f4                _malloc_usable_size_r
 .text.__retarget_lock_acquire_recursive
                0x0000000008004604        0x2 d:/software/stm32cubeide_1.11.0/stm32cubeide/plugins/com.st.stm32cube.ide.mcu.externaltools.gnu-tools-for-stm32.10.3-2021.10.win32_1.0.100.202210260954/tools/bin/../lib/gcc/arm-none-eabi/10.3.1/../../../../arm-none-eabi/lib/thumb/v7-m/nofp\libc_nano.a(lib_a-lock.o)
                0x0000000008004604                __retarget_lock_acquire_recursive
 .text.__retarget_lock_release_recursive
                0x0000000008004606        0x2 d:/software/stm32cubeide_1.11.0/stm32cubeide/plugins/com.st.stm32cube.ide.mcu.externaltools.gnu-tools-for-stm32.10.3-2021.10.win32_1.0.100.202210260954/tools/bin/../lib/gcc/arm-none-eabi/10.3.1/../../../../arm-none-eabi/lib/thumb/v7-m/nofp\libc_nano.a(lib_a-lock.o)
                0x0000000008004606                __retarget_lock_release_recursive
 *(.glue_7)
 .glue_7        0x0000000008004608        0x0 linker stubs
 *(.glue_7t)
 .glue_7t       0x0000000008004608        0x0 linker stubs
 *(.eh_frame)
 .eh_frame      0x0000000008004608        0x0 d:/software/stm32cubeide_1.11.0/stm32cubeide/plugins/com.st.stm32cube.ide.mcu.externaltools.gnu-tools-for-stm32.10.3-2021.10.win32_1.0.100.202210260954/tools/bin/../lib/gcc/arm-none-eabi/10.3.1/thumb/v7-m/nofp/crtbegin.o
 *(.init)
 .init          0x0000000008004608        0x4 d:/software/stm32cubeide_1.11.0/stm32cubeide/plugins/com.st.stm32cube.ide.mcu.externaltools.gnu-tools-for-stm32.10.3-2021.10.win32_1.0.100.202210260954/tools/bin/../lib/gcc/arm-none-eabi/10.3.1/thumb/v7-m/nofp/crti.o
                0x0000000008004608                _init
 .init          0x000000000800460c        0x8 d:/software/stm32cubeide_1.11.0/stm32cubeide/plugins/com.st.stm32cube.ide.mcu.externaltools.gnu-tools-for-stm32.10.3-2021.10.win32_1.0.100.202210260954/tools/bin/../lib/gcc/arm-none-eabi/10.3.1/thumb/v7-m/nofp/crtn.o
 *(.fini)
 .fini          0x0000000008004614        0x4 d:/software/stm32cubeide_1.11.0/stm32cubeide/plugins/com.st.stm32cube.ide.mcu.externaltools.gnu-tools-for-stm32.10.3-2021.10.win32_1.0.100.202210260954/tools/bin/../lib/gcc/arm-none-eabi/10.3.1/thumb/v7-m/nofp/crti.o
                0x0000000008004614                _fini
 .fini          0x0000000008004618        0x8 d:/software/stm32cubeide_1.11.0/stm32cubeide/plugins/com.st.stm32cube.ide.mcu.externaltools.gnu-tools-for-stm32.10.3-2021.10.win32_1.0.100.202210260954/tools/bin/../lib/gcc/arm-none-eabi/10.3.1/thumb/v7-m/nofp/crtn.o
                0x0000000008004620                . = ALIGN (0x4)
                0x0000000008004620                _etext = .

.vfp11_veneer   0x0000000008004620        0x0
 .vfp11_veneer  0x0000000008004620        0x0 linker stubs

.v4_bx          0x0000000008004620        0x0
 .v4_bx         0x0000000008004620        0x0 linker stubs

.iplt           0x0000000008004620        0x0
 .iplt          0x0000000008004620        0x0 d:/software/stm32cubeide_1.11.0/stm32cubeide/plugins/com.st.stm32cube.ide.mcu.externaltools.gnu-tools-for-stm32.10.3-2021.10.win32_1.0.100.202210260954/tools/bin/../lib/gcc/arm-none-eabi/10.3.1/thumb/v7-m/nofp/crtbegin.o

.rodata         0x0000000008004620      0x1c8
                0x0000000008004620                . = ALIGN (0x4)
 *(.rodata)
 .rodata        0x0000000008004620      0x13f ./Core/Src/DISPLAY.o
 *fill*         0x000000000800475f        0x1 
 .rodata        0x0000000008004760       0x2b ./Core/Src/MENU.o
 *fill*         0x000000000800478b        0x1 
 .rodata        0x000000000800478c       0x10 ./Drivers/STM32F1xx_HAL_Driver/stm32f1xx_hal_rcc.o
 *(.rodata*)
 .rodata.AHBPrescTable
                0x000000000800479c       0x10 ./Core/Src/system_stm32f1xx.o
                0x000000000800479c                AHBPrescTable
 .rodata.APBPrescTable
                0x00000000080047ac        0x8 ./Core/Src/system_stm32f1xx.o
                0x00000000080047ac                APBPrescTable
 .rodata._svfprintf_r.str1.1
                0x00000000080047b4       0x11 d:/software/stm32cubeide_1.11.0/stm32cubeide/plugins/com.st.stm32cube.ide.mcu.externaltools.gnu-tools-for-stm32.10.3-2021.10.win32_1.0.100.202210260954/tools/bin/../lib/gcc/arm-none-eabi/10.3.1/../../../../arm-none-eabi/lib/thumb/v7-m/nofp\libc_nano.a(lib_a-nano-svfprintf.o)
 .rodata._printf_i.str1.1
                0x00000000080047c5       0x22 d:/software/stm32cubeide_1.11.0/stm32cubeide/plugins/com.st.stm32cube.ide.mcu.externaltools.gnu-tools-for-stm32.10.3-2021.10.win32_1.0.100.202210260954/tools/bin/../lib/gcc/arm-none-eabi/10.3.1/../../../../arm-none-eabi/lib/thumb/v7-m/nofp\libc_nano.a(lib_a-nano-vfprintf_i.o)
                0x00000000080047e8                . = ALIGN (0x4)
 *fill*         0x00000000080047e7        0x1 

.rel.dyn        0x00000000080047e8        0x0
 .rel.iplt      0x00000000080047e8        0x0 d:/software/stm32cubeide_1.11.0/stm32cubeide/plugins/com.st.stm32cube.ide.mcu.externaltools.gnu-tools-for-stm32.10.3-2021.10.win32_1.0.100.202210260954/tools/bin/../lib/gcc/arm-none-eabi/10.3.1/thumb/v7-m/nofp/crtbegin.o

.ARM.extab      0x00000000080047e8        0x0
                0x00000000080047e8                . = ALIGN (0x4)
 *(.ARM.extab* .gnu.linkonce.armextab.*)
                0x00000000080047e8                . = ALIGN (0x4)

.ARM            0x00000000080047e8        0x0
                0x00000000080047e8                . = ALIGN (0x4)
                0x00000000080047e8                __exidx_start = .
 *(.ARM.exidx*)
                0x00000000080047e8                __exidx_end = .
                0x00000000080047e8                . = ALIGN (0x4)

.preinit_array  0x00000000080047e8        0x0
                0x00000000080047e8                . = ALIGN (0x4)
                0x00000000080047e8                PROVIDE (__preinit_array_start = .)
 *(.preinit_array*)
                0x00000000080047e8                PROVIDE (__preinit_array_end = .)
                0x00000000080047e8                . = ALIGN (0x4)

.init_array     0x00000000080047e8        0x4
                0x00000000080047e8                . = ALIGN (0x4)
                0x00000000080047e8                PROVIDE (__init_array_start = .)
 *(SORT_BY_NAME(.init_array.*))
 *(.init_array*)
 .init_array    0x00000000080047e8        0x4 d:/software/stm32cubeide_1.11.0/stm32cubeide/plugins/com.st.stm32cube.ide.mcu.externaltools.gnu-tools-for-stm32.10.3-2021.10.win32_1.0.100.202210260954/tools/bin/../lib/gcc/arm-none-eabi/10.3.1/thumb/v7-m/nofp/crtbegin.o
                0x00000000080047ec                PROVIDE (__init_array_end = .)
                0x00000000080047ec                . = ALIGN (0x4)

.fini_array     0x00000000080047ec        0x4
                0x00000000080047ec                . = ALIGN (0x4)
                [!provide]                        PROVIDE (__fini_array_start = .)
 *(SORT_BY_NAME(.fini_array.*))
 *(.fini_array*)
 .fini_array    0x00000000080047ec        0x4 d:/software/stm32cubeide_1.11.0/stm32cubeide/plugins/com.st.stm32cube.ide.mcu.externaltools.gnu-tools-for-stm32.10.3-2021.10.win32_1.0.100.202210260954/tools/bin/../lib/gcc/arm-none-eabi/10.3.1/thumb/v7-m/nofp/crtbegin.o
                [!provide]                        PROVIDE (__fini_array_end = .)
                0x00000000080047f0                . = ALIGN (0x4)
                0x00000000080047f0                _sidata = LOADADDR (.data)

.data           0x0000000020000000       0x70 load address 0x00000000080047f0
                0x0000000020000000                . = ALIGN (0x4)
                0x0000000020000000                _sdata = .
 *(.data)
 *(.data*)
 .data.SystemCoreClock
                0x0000000020000000        0x4 ./Core/Src/system_stm32f1xx.o
                0x0000000020000000                SystemCoreClock
 .data.uwTickPrio
                0x0000000020000004        0x4 ./Drivers/STM32F1xx_HAL_Driver/stm32f1xx_hal.o
                0x0000000020000004                uwTickPrio
 .data.uwTickFreq
                0x0000000020000008        0x1 ./Drivers/STM32F1xx_HAL_Driver/stm32f1xx_hal.o
                0x0000000020000008                uwTickFreq
 *fill*         0x0000000020000009        0x3 
 .data._impure_ptr
                0x000000002000000c        0x4 d:/software/stm32cubeide_1.11.0/stm32cubeide/plugins/com.st.stm32cube.ide.mcu.externaltools.gnu-tools-for-stm32.10.3-2021.10.win32_1.0.100.202210260954/tools/bin/../lib/gcc/arm-none-eabi/10.3.1/../../../../arm-none-eabi/lib/thumb/v7-m/nofp\libc_nano.a(lib_a-impure.o)
                0x000000002000000c                _impure_ptr
 .data.impure_data
                0x0000000020000010       0x60 d:/software/stm32cubeide_1.11.0/stm32cubeide/plugins/com.st.stm32cube.ide.mcu.externaltools.gnu-tools-for-stm32.10.3-2021.10.win32_1.0.100.202210260954/tools/bin/../lib/gcc/arm-none-eabi/10.3.1/../../../../arm-none-eabi/lib/thumb/v7-m/nofp\libc_nano.a(lib_a-impure.o)
 *(.RamFunc)
 *(.RamFunc*)
                0x0000000020000070                . = ALIGN (0x4)
                0x0000000020000070                _edata = .

.igot.plt       0x0000000020000070        0x0 load address 0x0000000008004860
 .igot.plt      0x0000000020000070        0x0 d:/software/stm32cubeide_1.11.0/stm32cubeide/plugins/com.st.stm32cube.ide.mcu.externaltools.gnu-tools-for-stm32.10.3-2021.10.win32_1.0.100.202210260954/tools/bin/../lib/gcc/arm-none-eabi/10.3.1/thumb/v7-m/nofp/crtbegin.o
                0x0000000020000070                . = ALIGN (0x4)

.bss            0x0000000020000070      0x128 load address 0x0000000008004860
                0x0000000020000070                _sbss = .
                0x0000000020000070                __bss_start__ = _sbss
 *(.bss)
 .bss           0x0000000020000070       0x1c d:/software/stm32cubeide_1.11.0/stm32cubeide/plugins/com.st.stm32cube.ide.mcu.externaltools.gnu-tools-for-stm32.10.3-2021.10.win32_1.0.100.202210260954/tools/bin/../lib/gcc/arm-none-eabi/10.3.1/thumb/v7-m/nofp/crtbegin.o
 *(.bss*)
 .bss.DELAY_TIMER
                0x000000002000008c        0x4 ./Core/Src/DELAY.o
                0x000000002000008c                DELAY_TIMER
 .bss.DHT11     0x0000000020000090        0x4 ./Core/Src/DHT11.o
                0x0000000020000090                DHT11
 .bss.GPIOx     0x0000000020000094        0x4 ./Core/Src/DHT11.o
                0x0000000020000094                GPIOx
 .bss.GPIO_Pin  0x0000000020000098        0x2 ./Core/Src/DHT11.o
                0x0000000020000098                GPIO_Pin
 *fill*         0x000000002000009a        0x2 
 .bss.DHT11_Display
                0x000000002000009c        0x4 ./Core/Src/DISPLAY.o
                0x000000002000009c                DHT11_Display
 .bss.DS1307_I2C
                0x00000000200000a0        0x4 ./Core/Src/DS1307.o
                0x00000000200000a0                DS1307_I2C
 .bss.hi2c2     0x00000000200000a4       0x54 ./Core/Src/main.o
                0x00000000200000a4                hi2c2
 .bss.htim1     0x00000000200000f8       0x48 ./Core/Src/main.o
                0x00000000200000f8                htim1
 .bss.SW        0x0000000020000140       0x10 ./Core/Src/main.o
                0x0000000020000140                SW
 .bss.RE        0x0000000020000150        0x1 ./Core/Src/main.o
                0x0000000020000150                RE
 *fill*         0x0000000020000151        0x3 
 .bss.TIME_DS1307
                0x0000000020000154        0x7 ./Core/Src/main.o
                0x0000000020000154                TIME_DS1307
 *fill*         0x000000002000015b        0x1 
 .bss.TIME_Display
                0x000000002000015c        0x7 ./Core/Src/main.o
                0x000000002000015c                TIME_Display
 *fill*         0x0000000020000163        0x1 
 .bss.OPTION_Choose
                0x0000000020000164        0x2 ./Core/Src/main.o
                0x0000000020000164                OPTION_Choose
 *fill*         0x0000000020000166        0x2 
 .bss.OPTION_Point
                0x0000000020000168        0x2 ./Core/Src/main.o
                0x0000000020000168                OPTION_Point
 *fill*         0x000000002000016a        0x2 
 .bss.DISPLAY   0x000000002000016c        0x2 ./Core/Src/main.o
                0x000000002000016c                DISPLAY
 *fill*         0x000000002000016e        0x2 
 .bss.DHT       0x0000000020000170        0xe ./Core/Src/main.o
                0x0000000020000170                DHT
 *fill*         0x000000002000017e        0x2 
 .bss.__sbrk_heap_end
                0x0000000020000180        0x4 ./Core/Src/sysmem.o
 .bss.uwTick    0x0000000020000184        0x4 ./Drivers/STM32F1xx_HAL_Driver/stm32f1xx_hal.o
                0x0000000020000184                uwTick
 .bss.__malloc_free_list
                0x0000000020000188        0x4 d:/software/stm32cubeide_1.11.0/stm32cubeide/plugins/com.st.stm32cube.ide.mcu.externaltools.gnu-tools-for-stm32.10.3-2021.10.win32_1.0.100.202210260954/tools/bin/../lib/gcc/arm-none-eabi/10.3.1/../../../../arm-none-eabi/lib/thumb/v7-m/nofp\libc_nano.a(lib_a-nano-mallocr.o)
                0x0000000020000188                __malloc_free_list
 .bss.__malloc_sbrk_start
                0x000000002000018c        0x4 d:/software/stm32cubeide_1.11.0/stm32cubeide/plugins/com.st.stm32cube.ide.mcu.externaltools.gnu-tools-for-stm32.10.3-2021.10.win32_1.0.100.202210260954/tools/bin/../lib/gcc/arm-none-eabi/10.3.1/../../../../arm-none-eabi/lib/thumb/v7-m/nofp\libc_nano.a(lib_a-nano-mallocr.o)
                0x000000002000018c                __malloc_sbrk_start
 .bss.errno     0x0000000020000190        0x4 d:/software/stm32cubeide_1.11.0/stm32cubeide/plugins/com.st.stm32cube.ide.mcu.externaltools.gnu-tools-for-stm32.10.3-2021.10.win32_1.0.100.202210260954/tools/bin/../lib/gcc/arm-none-eabi/10.3.1/../../../../arm-none-eabi/lib/thumb/v7-m/nofp\libc_nano.a(lib_a-reent.o)
                0x0000000020000190                errno
 .bss.__lock___malloc_recursive_mutex
                0x0000000020000194        0x1 d:/software/stm32cubeide_1.11.0/stm32cubeide/plugins/com.st.stm32cube.ide.mcu.externaltools.gnu-tools-for-stm32.10.3-2021.10.win32_1.0.100.202210260954/tools/bin/../lib/gcc/arm-none-eabi/10.3.1/../../../../arm-none-eabi/lib/thumb/v7-m/nofp\libc_nano.a(lib_a-lock.o)
                0x0000000020000194                __lock___malloc_recursive_mutex
 *(COMMON)
                0x0000000020000198                . = ALIGN (0x4)
 *fill*         0x0000000020000195        0x3 
                0x0000000020000198                _ebss = .
                0x0000000020000198                __bss_end__ = _ebss

._user_heap_stack
                0x0000000020000198      0x600 load address 0x0000000008004860
                0x0000000020000198                . = ALIGN (0x8)
                [!provide]                        PROVIDE (end = .)
                0x0000000020000198                PROVIDE (_end = .)
                0x0000000020000398                . = (. + _Min_Heap_Size)
 *fill*         0x0000000020000198      0x200 
                0x0000000020000798                . = (. + _Min_Stack_Size)
 *fill*         0x0000000020000398      0x400 
                0x0000000020000798                . = ALIGN (0x8)

/DISCARD/
 libc.a(*)
 libm.a(*)
 libgcc.a(*)

.ARM.attributes
                0x0000000000000000       0x29
 *(.ARM.attributes)
 .ARM.attributes
                0x0000000000000000       0x1d d:/software/stm32cubeide_1.11.0/stm32cubeide/plugins/com.st.stm32cube.ide.mcu.externaltools.gnu-tools-for-stm32.10.3-2021.10.win32_1.0.100.202210260954/tools/bin/../lib/gcc/arm-none-eabi/10.3.1/thumb/v7-m/nofp/crti.o
 .ARM.attributes
                0x000000000000001d       0x2d d:/software/stm32cubeide_1.11.0/stm32cubeide/plugins/com.st.stm32cube.ide.mcu.externaltools.gnu-tools-for-stm32.10.3-2021.10.win32_1.0.100.202210260954/tools/bin/../lib/gcc/arm-none-eabi/10.3.1/thumb/v7-m/nofp/crtbegin.o
 .ARM.attributes
                0x000000000000004a       0x2d ./Core/Src/BUTTON.o
 .ARM.attributes
                0x0000000000000077       0x2d ./Core/Src/DELAY.o
 .ARM.attributes
                0x00000000000000a4       0x2d ./Core/Src/DHT11.o
 .ARM.attributes
                0x00000000000000d1       0x2d ./Core/Src/DISPLAY.o
 .ARM.attributes
                0x00000000000000fe       0x2d ./Core/Src/DS1307.o
 .ARM.attributes
                0x000000000000012b       0x2d ./Core/Src/LCD.o
 .ARM.attributes
                0x0000000000000158       0x2d ./Core/Src/MENU.o
 .ARM.attributes
                0x0000000000000185       0x2d ./Core/Src/ROTARY_ENCODER.o
 .ARM.attributes
                0x00000000000001b2       0x2d ./Core/Src/main.o
 .ARM.attributes
                0x00000000000001df       0x2d ./Core/Src/stm32f1xx_hal_msp.o
 .ARM.attributes
                0x000000000000020c       0x2d ./Core/Src/stm32f1xx_it.o
 .ARM.attributes
                0x0000000000000239       0x2d ./Core/Src/sysmem.o
 .ARM.attributes
                0x0000000000000266       0x2d ./Core/Src/system_stm32f1xx.o
 .ARM.attributes
                0x0000000000000293       0x21 ./Core/Startup/startup_stm32f103c8tx.o
 .ARM.attributes
                0x00000000000002b4       0x2d ./Drivers/STM32F1xx_HAL_Driver/stm32f1xx_hal.o
 .ARM.attributes
                0x00000000000002e1       0x2d ./Drivers/STM32F1xx_HAL_Driver/stm32f1xx_hal_cortex.o
 .ARM.attributes
                0x000000000000030e       0x2d ./Drivers/STM32F1xx_HAL_Driver/stm32f1xx_hal_gpio.o
 .ARM.attributes
                0x000000000000033b       0x2d ./Drivers/STM32F1xx_HAL_Driver/stm32f1xx_hal_i2c.o
 .ARM.attributes
                0x0000000000000368       0x2d ./Drivers/STM32F1xx_HAL_Driver/stm32f1xx_hal_rcc.o
 .ARM.attributes
                0x0000000000000395       0x2d ./Drivers/STM32F1xx_HAL_Driver/stm32f1xx_hal_tim.o
 .ARM.attributes
                0x00000000000003c2       0x2d ./Drivers/STM32F1xx_HAL_Driver/stm32f1xx_hal_tim_ex.o
 .ARM.attributes
                0x00000000000003ef       0x2d d:/software/stm32cubeide_1.11.0/stm32cubeide/plugins/com.st.stm32cube.ide.mcu.externaltools.gnu-tools-for-stm32.10.3-2021.10.win32_1.0.100.202210260954/tools/bin/../lib/gcc/arm-none-eabi/10.3.1/../../../../arm-none-eabi/lib/thumb/v7-m/nofp\libc_nano.a(lib_a-errno.o)
 .ARM.attributes
                0x000000000000041c       0x2d d:/software/stm32cubeide_1.11.0/stm32cubeide/plugins/com.st.stm32cube.ide.mcu.externaltools.gnu-tools-for-stm32.10.3-2021.10.win32_1.0.100.202210260954/tools/bin/../lib/gcc/arm-none-eabi/10.3.1/../../../../arm-none-eabi/lib/thumb/v7-m/nofp\libc_nano.a(lib_a-impure.o)
 .ARM.attributes
                0x0000000000000449       0x2d d:/software/stm32cubeide_1.11.0/stm32cubeide/plugins/com.st.stm32cube.ide.mcu.externaltools.gnu-tools-for-stm32.10.3-2021.10.win32_1.0.100.202210260954/tools/bin/../lib/gcc/arm-none-eabi/10.3.1/../../../../arm-none-eabi/lib/thumb/v7-m/nofp\libc_nano.a(lib_a-init.o)
 .ARM.attributes
                0x0000000000000476       0x2d d:/software/stm32cubeide_1.11.0/stm32cubeide/plugins/com.st.stm32cube.ide.mcu.externaltools.gnu-tools-for-stm32.10.3-2021.10.win32_1.0.100.202210260954/tools/bin/../lib/gcc/arm-none-eabi/10.3.1/../../../../arm-none-eabi/lib/thumb/v7-m/nofp\libc_nano.a(lib_a-memset.o)
 .ARM.attributes
                0x00000000000004a3       0x17 d:/software/stm32cubeide_1.11.0/stm32cubeide/plugins/com.st.stm32cube.ide.mcu.externaltools.gnu-tools-for-stm32.10.3-2021.10.win32_1.0.100.202210260954/tools/bin/../lib/gcc/arm-none-eabi/10.3.1/../../../../arm-none-eabi/lib/thumb/v7-m/nofp\libc_nano.a(lib_a-strlen.o)
 .ARM.attributes
                0x00000000000004ba       0x2d d:/software/stm32cubeide_1.11.0/stm32cubeide/plugins/com.st.stm32cube.ide.mcu.externaltools.gnu-tools-for-stm32.10.3-2021.10.win32_1.0.100.202210260954/tools/bin/../lib/gcc/arm-none-eabi/10.3.1/../../../../arm-none-eabi/lib/thumb/v7-m/nofp\libc_nano.a(lib_a-vsprintf.o)
 .ARM.attributes
                0x00000000000004e7       0x2d d:/software/stm32cubeide_1.11.0/stm32cubeide/plugins/com.st.stm32cube.ide.mcu.externaltools.gnu-tools-for-stm32.10.3-2021.10.win32_1.0.100.202210260954/tools/bin/../lib/gcc/arm-none-eabi/10.3.1/../../../../arm-none-eabi/lib/thumb/v7-m/nofp\libc_nano.a(lib_a-nano-svfprintf.o)
 .ARM.attributes
                0x0000000000000514       0x2d d:/software/stm32cubeide_1.11.0/stm32cubeide/plugins/com.st.stm32cube.ide.mcu.externaltools.gnu-tools-for-stm32.10.3-2021.10.win32_1.0.100.202210260954/tools/bin/../lib/gcc/arm-none-eabi/10.3.1/../../../../arm-none-eabi/lib/thumb/v7-m/nofp\libc_nano.a(lib_a-nano-vfprintf_i.o)
 .ARM.attributes
                0x0000000000000541       0x2d d:/software/stm32cubeide_1.11.0/stm32cubeide/plugins/com.st.stm32cube.ide.mcu.externaltools.gnu-tools-for-stm32.10.3-2021.10.win32_1.0.100.202210260954/tools/bin/../lib/gcc/arm-none-eabi/10.3.1/../../../../arm-none-eabi/lib/thumb/v7-m/nofp\libc_nano.a(lib_a-memchr-stub.o)
 .ARM.attributes
                0x000000000000056e       0x2d d:/software/stm32cubeide_1.11.0/stm32cubeide/plugins/com.st.stm32cube.ide.mcu.externaltools.gnu-tools-for-stm32.10.3-2021.10.win32_1.0.100.202210260954/tools/bin/../lib/gcc/arm-none-eabi/10.3.1/../../../../arm-none-eabi/lib/thumb/v7-m/nofp\libc_nano.a(lib_a-memcpy-stub.o)
 .ARM.attributes
                0x000000000000059b       0x2d d:/software/stm32cubeide_1.11.0/stm32cubeide/plugins/com.st.stm32cube.ide.mcu.externaltools.gnu-tools-for-stm32.10.3-2021.10.win32_1.0.100.202210260954/tools/bin/../lib/gcc/arm-none-eabi/10.3.1/../../../../arm-none-eabi/lib/thumb/v7-m/nofp\libc_nano.a(lib_a-memmove.o)
 .ARM.attributes
                0x00000000000005c8       0x2d d:/software/stm32cubeide_1.11.0/stm32cubeide/plugins/com.st.stm32cube.ide.mcu.externaltools.gnu-tools-for-stm32.10.3-2021.10.win32_1.0.100.202210260954/tools/bin/../lib/gcc/arm-none-eabi/10.3.1/../../../../arm-none-eabi/lib/thumb/v7-m/nofp\libc_nano.a(lib_a-nano-freer.o)
 .ARM.attributes
                0x00000000000005f5       0x2d d:/software/stm32cubeide_1.11.0/stm32cubeide/plugins/com.st.stm32cube.ide.mcu.externaltools.gnu-tools-for-stm32.10.3-2021.10.win32_1.0.100.202210260954/tools/bin/../lib/gcc/arm-none-eabi/10.3.1/../../../../arm-none-eabi/lib/thumb/v7-m/nofp\libc_nano.a(lib_a-nano-mallocr.o)
 .ARM.attributes
                0x0000000000000622       0x2d d:/software/stm32cubeide_1.11.0/stm32cubeide/plugins/com.st.stm32cube.ide.mcu.externaltools.gnu-tools-for-stm32.10.3-2021.10.win32_1.0.100.202210260954/tools/bin/../lib/gcc/arm-none-eabi/10.3.1/../../../../arm-none-eabi/lib/thumb/v7-m/nofp\libc_nano.a(lib_a-nano-reallocr.o)
 .ARM.attributes
                0x000000000000064f       0x2d d:/software/stm32cubeide_1.11.0/stm32cubeide/plugins/com.st.stm32cube.ide.mcu.externaltools.gnu-tools-for-stm32.10.3-2021.10.win32_1.0.100.202210260954/tools/bin/../lib/gcc/arm-none-eabi/10.3.1/../../../../arm-none-eabi/lib/thumb/v7-m/nofp\libc_nano.a(lib_a-sbrkr.o)
 .ARM.attributes
                0x000000000000067c       0x2d d:/software/stm32cubeide_1.11.0/stm32cubeide/plugins/com.st.stm32cube.ide.mcu.externaltools.gnu-tools-for-stm32.10.3-2021.10.win32_1.0.100.202210260954/tools/bin/../lib/gcc/arm-none-eabi/10.3.1/../../../../arm-none-eabi/lib/thumb/v7-m/nofp\libc_nano.a(lib_a-mlock.o)
 .ARM.attributes
                0x00000000000006a9       0x2d d:/software/stm32cubeide_1.11.0/stm32cubeide/plugins/com.st.stm32cube.ide.mcu.externaltools.gnu-tools-for-stm32.10.3-2021.10.win32_1.0.100.202210260954/tools/bin/../lib/gcc/arm-none-eabi/10.3.1/../../../../arm-none-eabi/lib/thumb/v7-m/nofp\libc_nano.a(lib_a-nano-msizer.o)
 .ARM.attributes
                0x00000000000006d6       0x2d d:/software/stm32cubeide_1.11.0/stm32cubeide/plugins/com.st.stm32cube.ide.mcu.externaltools.gnu-tools-for-stm32.10.3-2021.10.win32_1.0.100.202210260954/tools/bin/../lib/gcc/arm-none-eabi/10.3.1/../../../../arm-none-eabi/lib/thumb/v7-m/nofp\libc_nano.a(lib_a-reent.o)
 .ARM.attributes
                0x0000000000000703       0x2d d:/software/stm32cubeide_1.11.0/stm32cubeide/plugins/com.st.stm32cube.ide.mcu.externaltools.gnu-tools-for-stm32.10.3-2021.10.win32_1.0.100.202210260954/tools/bin/../lib/gcc/arm-none-eabi/10.3.1/../../../../arm-none-eabi/lib/thumb/v7-m/nofp\libc_nano.a(lib_a-lock.o)
 .ARM.attributes
                0x0000000000000730       0x1d d:/software/stm32cubeide_1.11.0/stm32cubeide/plugins/com.st.stm32cube.ide.mcu.externaltools.gnu-tools-for-stm32.10.3-2021.10.win32_1.0.100.202210260954/tools/bin/../lib/gcc/arm-none-eabi/10.3.1/thumb/v7-m/nofp/crtn.o
OUTPUT(Digital_Clock_Final.elf elf32-littlearm)
LOAD linker stubs
LOAD d:/software/stm32cubeide_1.11.0/stm32cubeide/plugins/com.st.stm32cube.ide.mcu.externaltools.gnu-tools-for-stm32.10.3-2021.10.win32_1.0.100.202210260954/tools/bin/../lib/gcc/arm-none-eabi/10.3.1/../../../../arm-none-eabi/lib/thumb/v7-m/nofp\libc.a
LOAD d:/software/stm32cubeide_1.11.0/stm32cubeide/plugins/com.st.stm32cube.ide.mcu.externaltools.gnu-tools-for-stm32.10.3-2021.10.win32_1.0.100.202210260954/tools/bin/../lib/gcc/arm-none-eabi/10.3.1/../../../../arm-none-eabi/lib/thumb/v7-m/nofp\libm.a
LOAD d:/software/stm32cubeide_1.11.0/stm32cubeide/plugins/com.st.stm32cube.ide.mcu.externaltools.gnu-tools-for-stm32.10.3-2021.10.win32_1.0.100.202210260954/tools/bin/../lib/gcc/arm-none-eabi/10.3.1/thumb/v7-m/nofp\libgcc.a

.debug_info     0x0000000000000000     0xd43d
 .debug_info    0x0000000000000000      0x3e7 ./Core/Src/BUTTON.o
 .debug_info    0x00000000000003e7      0x6e1 ./Core/Src/DELAY.o
 .debug_info    0x0000000000000ac8      0x4a6 ./Core/Src/DHT11.o
 .debug_info    0x0000000000000f6e      0x49f ./Core/Src/DISPLAY.o
 .debug_info    0x000000000000140d      0x85b ./Core/Src/DS1307.o
 .debug_info    0x0000000000001c68      0x388 ./Core/Src/LCD.o
 .debug_info    0x0000000000001ff0      0x439 ./Core/Src/MENU.o
 .debug_info    0x0000000000002429      0x482 ./Core/Src/ROTARY_ENCODER.o
 .debug_info    0x00000000000028ab     0x134d ./Core/Src/main.o
 .debug_info    0x0000000000003bf8      0xc65 ./Core/Src/stm32f1xx_hal_msp.o
 .debug_info    0x000000000000485d      0x122 ./Core/Src/stm32f1xx_it.o
 .debug_info    0x000000000000497f      0x171 ./Core/Src/sysmem.o
 .debug_info    0x0000000000004af0      0x23d ./Core/Src/system_stm32f1xx.o
 .debug_info    0x0000000000004d2d       0x22 ./Core/Startup/startup_stm32f103c8tx.o
 .debug_info    0x0000000000004d4f      0x734 ./Drivers/STM32F1xx_HAL_Driver/stm32f1xx_hal.o
 .debug_info    0x0000000000005483      0xb20 ./Drivers/STM32F1xx_HAL_Driver/stm32f1xx_hal_cortex.o
 .debug_info    0x0000000000005fa3      0x615 ./Drivers/STM32F1xx_HAL_Driver/stm32f1xx_hal_gpio.o
 .debug_info    0x00000000000065b8     0x2734 ./Drivers/STM32F1xx_HAL_Driver/stm32f1xx_hal_i2c.o
 .debug_info    0x0000000000008cec      0x860 ./Drivers/STM32F1xx_HAL_Driver/stm32f1xx_hal_rcc.o
 .debug_info    0x000000000000954c     0x29de ./Drivers/STM32F1xx_HAL_Driver/stm32f1xx_hal_tim.o
 .debug_info    0x000000000000bf2a     0x1513 ./Drivers/STM32F1xx_HAL_Driver/stm32f1xx_hal_tim_ex.o

.debug_abbrev   0x0000000000000000     0x23b1
 .debug_abbrev  0x0000000000000000      0x184 ./Core/Src/BUTTON.o
 .debug_abbrev  0x0000000000000184      0x186 ./Core/Src/DELAY.o
 .debug_abbrev  0x000000000000030a      0x1c0 ./Core/Src/DHT11.o
 .debug_abbrev  0x00000000000004ca      0x129 ./Core/Src/DISPLAY.o
 .debug_abbrev  0x00000000000005f3      0x1e0 ./Core/Src/DS1307.o
 .debug_abbrev  0x00000000000007d3      0x1cc ./Core/Src/LCD.o
 .debug_abbrev  0x000000000000099f      0x130 ./Core/Src/MENU.o
 .debug_abbrev  0x0000000000000acf      0x15a ./Core/Src/ROTARY_ENCODER.o
 .debug_abbrev  0x0000000000000c29      0x2b4 ./Core/Src/main.o
 .debug_abbrev  0x0000000000000edd      0x1c3 ./Core/Src/stm32f1xx_hal_msp.o
 .debug_abbrev  0x00000000000010a0       0x74 ./Core/Src/stm32f1xx_it.o
 .debug_abbrev  0x0000000000001114       0xbb ./Core/Src/sysmem.o
 .debug_abbrev  0x00000000000011cf      0x13b ./Core/Src/system_stm32f1xx.o
 .debug_abbrev  0x000000000000130a       0x12 ./Core/Startup/startup_stm32f103c8tx.o
 .debug_abbrev  0x000000000000131c      0x1fb ./Drivers/STM32F1xx_HAL_Driver/stm32f1xx_hal.o
 .debug_abbrev  0x0000000000001517      0x2ed ./Drivers/STM32F1xx_HAL_Driver/stm32f1xx_hal_cortex.o
 .debug_abbrev  0x0000000000001804      0x1bb ./Drivers/STM32F1xx_HAL_Driver/stm32f1xx_hal_gpio.o
 .debug_abbrev  0x00000000000019bf      0x288 ./Drivers/STM32F1xx_HAL_Driver/stm32f1xx_hal_i2c.o
 .debug_abbrev  0x0000000000001c47      0x2a8 ./Drivers/STM32F1xx_HAL_Driver/stm32f1xx_hal_rcc.o
 .debug_abbrev  0x0000000000001eef      0x25d ./Drivers/STM32F1xx_HAL_Driver/stm32f1xx_hal_tim.o
 .debug_abbrev  0x000000000000214c      0x265 ./Drivers/STM32F1xx_HAL_Driver/stm32f1xx_hal_tim_ex.o

.debug_aranges  0x0000000000000000      0xdf0
 .debug_aranges
                0x0000000000000000       0x30 ./Core/Src/BUTTON.o
 .debug_aranges
                0x0000000000000030       0x28 ./Core/Src/DELAY.o
 .debug_aranges
                0x0000000000000058       0x50 ./Core/Src/DHT11.o
 .debug_aranges
                0x00000000000000a8       0x40 ./Core/Src/DISPLAY.o
 .debug_aranges
                0x00000000000000e8       0x48 ./Core/Src/DS1307.o
 .debug_aranges
                0x0000000000000130       0x50 ./Core/Src/LCD.o
 .debug_aranges
                0x0000000000000180       0x38 ./Core/Src/MENU.o
 .debug_aranges
                0x00000000000001b8       0x40 ./Core/Src/ROTARY_ENCODER.o
 .debug_aranges
                0x00000000000001f8       0x48 ./Core/Src/main.o
 .debug_aranges
                0x0000000000000240       0x40 ./Core/Src/stm32f1xx_hal_msp.o
 .debug_aranges
                0x0000000000000280       0x60 ./Core/Src/stm32f1xx_it.o
 .debug_aranges
                0x00000000000002e0       0x20 ./Core/Src/sysmem.o
 .debug_aranges
                0x0000000000000300       0x28 ./Core/Src/system_stm32f1xx.o
 .debug_aranges
                0x0000000000000328       0x28 ./Core/Startup/startup_stm32f103c8tx.o
 .debug_aranges
                0x0000000000000350       0xe0 ./Drivers/STM32F1xx_HAL_Driver/stm32f1xx_hal.o
 .debug_aranges
                0x0000000000000430      0x100 ./Drivers/STM32F1xx_HAL_Driver/stm32f1xx_hal_cortex.o
 .debug_aranges
                0x0000000000000530       0x58 ./Drivers/STM32F1xx_HAL_Driver/stm32f1xx_hal_gpio.o
 .debug_aranges
                0x0000000000000588      0x2a0 ./Drivers/STM32F1xx_HAL_Driver/stm32f1xx_hal_i2c.o
 .debug_aranges
                0x0000000000000828       0x90 ./Drivers/STM32F1xx_HAL_Driver/stm32f1xx_hal_rcc.o
 .debug_aranges
                0x00000000000008b8      0x3d0 ./Drivers/STM32F1xx_HAL_Driver/stm32f1xx_hal_tim.o
 .debug_aranges
                0x0000000000000c88      0x168 ./Drivers/STM32F1xx_HAL_Driver/stm32f1xx_hal_tim_ex.o

.debug_ranges   0x0000000000000000      0xcd0
 .debug_ranges  0x0000000000000000       0x20 ./Core/Src/BUTTON.o
 .debug_ranges  0x0000000000000020       0x18 ./Core/Src/DELAY.o
 .debug_ranges  0x0000000000000038       0x40 ./Core/Src/DHT11.o
 .debug_ranges  0x0000000000000078       0x30 ./Core/Src/DISPLAY.o
 .debug_ranges  0x00000000000000a8       0x38 ./Core/Src/DS1307.o
 .debug_ranges  0x00000000000000e0       0x40 ./Core/Src/LCD.o
 .debug_ranges  0x0000000000000120       0x28 ./Core/Src/MENU.o
 .debug_ranges  0x0000000000000148       0x30 ./Core/Src/ROTARY_ENCODER.o
 .debug_ranges  0x0000000000000178       0x38 ./Core/Src/main.o
 .debug_ranges  0x00000000000001b0       0x30 ./Core/Src/stm32f1xx_hal_msp.o
 .debug_ranges  0x00000000000001e0       0x50 ./Core/Src/stm32f1xx_it.o
 .debug_ranges  0x0000000000000230       0x10 ./Core/Src/sysmem.o
 .debug_ranges  0x0000000000000240       0x18 ./Core/Src/system_stm32f1xx.o
 .debug_ranges  0x0000000000000258       0x20 ./Core/Startup/startup_stm32f103c8tx.o
 .debug_ranges  0x0000000000000278       0xd0 ./Drivers/STM32F1xx_HAL_Driver/stm32f1xx_hal.o
 .debug_ranges  0x0000000000000348       0xf0 ./Drivers/STM32F1xx_HAL_Driver/stm32f1xx_hal_cortex.o
 .debug_ranges  0x0000000000000438       0x48 ./Drivers/STM32F1xx_HAL_Driver/stm32f1xx_hal_gpio.o
 .debug_ranges  0x0000000000000480      0x2b8 ./Drivers/STM32F1xx_HAL_Driver/stm32f1xx_hal_i2c.o
 .debug_ranges  0x0000000000000738       0x80 ./Drivers/STM32F1xx_HAL_Driver/stm32f1xx_hal_rcc.o
 .debug_ranges  0x00000000000007b8      0x3c0 ./Drivers/STM32F1xx_HAL_Driver/stm32f1xx_hal_tim.o
 .debug_ranges  0x0000000000000b78      0x158 ./Drivers/STM32F1xx_HAL_Driver/stm32f1xx_hal_tim_ex.o

.debug_macro    0x0000000000000000    0x18a41
 .debug_macro   0x0000000000000000      0x1ed ./Core/Src/BUTTON.o
 .debug_macro   0x00000000000001ed      0xa6c ./Core/Src/BUTTON.o
 .debug_macro   0x0000000000000c59      0x21b ./Core/Src/BUTTON.o
 .debug_macro   0x0000000000000e74       0x2e ./Core/Src/BUTTON.o
 .debug_macro   0x0000000000000ea2       0x22 ./Core/Src/BUTTON.o
 .debug_macro   0x0000000000000ec4       0x22 ./Core/Src/BUTTON.o
 .debug_macro   0x0000000000000ee6       0x8e ./Core/Src/BUTTON.o
 .debug_macro   0x0000000000000f74       0x51 ./Core/Src/BUTTON.o
 .debug_macro   0x0000000000000fc5      0x103 ./Core/Src/BUTTON.o
 .debug_macro   0x00000000000010c8       0x6a ./Core/Src/BUTTON.o
 .debug_macro   0x0000000000001132      0x1df ./Core/Src/BUTTON.o
 .debug_macro   0x0000000000001311       0x1c ./Core/Src/BUTTON.o
 .debug_macro   0x000000000000132d       0x22 ./Core/Src/BUTTON.o
 .debug_macro   0x000000000000134f       0xbd ./Core/Src/BUTTON.o
 .debug_macro   0x000000000000140c      0xd23 ./Core/Src/BUTTON.o
 .debug_macro   0x000000000000212f     0xe09e ./Core/Src/BUTTON.o
 .debug_macro   0x00000000000101cd       0x6d ./Core/Src/BUTTON.o
 .debug_macro   0x000000000001023a     0x3468 ./Core/Src/BUTTON.o
 .debug_macro   0x00000000000136a2      0x174 ./Core/Src/BUTTON.o
 .debug_macro   0x0000000000013816       0x5c ./Core/Src/BUTTON.o
 .debug_macro   0x0000000000013872      0x5be ./Core/Src/BUTTON.o
 .debug_macro   0x0000000000013e30      0x289 ./Core/Src/BUTTON.o
 .debug_macro   0x00000000000140b9      0x1cb ./Core/Src/BUTTON.o
 .debug_macro   0x0000000000014284      0x114 ./Core/Src/BUTTON.o
 .debug_macro   0x0000000000014398      0x1b2 ./Core/Src/BUTTON.o
 .debug_macro   0x000000000001454a       0x27 ./Core/Src/BUTTON.o
 .debug_macro   0x0000000000014571      0x136 ./Core/Src/BUTTON.o
 .debug_macro   0x00000000000146a7      0x1bc ./Core/Src/BUTTON.o
 .debug_macro   0x0000000000014863       0x34 ./Core/Src/BUTTON.o
 .debug_macro   0x0000000000014897       0x3c ./Core/Src/BUTTON.o
 .debug_macro   0x00000000000148d3       0x57 ./Core/Src/BUTTON.o
 .debug_macro   0x000000000001492a       0x88 ./Core/Src/BUTTON.o
 .debug_macro   0x00000000000149b2      0x241 ./Core/Src/BUTTON.o
 .debug_macro   0x0000000000014bf3      0x287 ./Core/Src/BUTTON.o
 .debug_macro   0x0000000000014e7a      0x141 ./Core/Src/BUTTON.o
 .debug_macro   0x0000000000014fbb      0x8d1 ./Core/Src/BUTTON.o
 .debug_macro   0x000000000001588c       0x83 ./Core/Src/BUTTON.o
 .debug_macro   0x000000000001590f       0x94 ./Core/Src/BUTTON.o
 .debug_macro   0x00000000000159a3       0x3a ./Core/Src/BUTTON.o
 .debug_macro   0x00000000000159dd      0x1bc ./Core/Src/DELAY.o
 .debug_macro   0x0000000000015b99      0x1d0 ./Core/Src/DHT11.o
 .debug_macro   0x0000000000015d69      0x1ed ./Core/Src/DISPLAY.o
 .debug_macro   0x0000000000015f56      0x1c1 ./Core/Src/DS1307.o
 .debug_macro   0x0000000000016117       0x34 ./Core/Src/DS1307.o
 .debug_macro   0x000000000001614b      0x351 ./Core/Src/LCD.o
 .debug_macro   0x000000000001649c       0x52 ./Core/Src/LCD.o
 .debug_macro   0x00000000000164ee       0x18 ./Core/Src/LCD.o
 .debug_macro   0x0000000000016506       0x3c ./Core/Src/LCD.o
 .debug_macro   0x0000000000016542       0x34 ./Core/Src/LCD.o
 .debug_macro   0x0000000000016576       0x16 ./Core/Src/LCD.o
 .debug_macro   0x000000000001658c       0x43 ./Core/Src/LCD.o
 .debug_macro   0x00000000000165cf       0x34 ./Core/Src/LCD.o
 .debug_macro   0x0000000000016603       0x10 ./Core/Src/LCD.o
 .debug_macro   0x0000000000016613       0x58 ./Core/Src/LCD.o
 .debug_macro   0x000000000001666b       0x71 ./Core/Src/LCD.o
 .debug_macro   0x00000000000166dc       0x1c ./Core/Src/LCD.o
 .debug_macro   0x00000000000166f8      0x12a ./Core/Src/LCD.o
 .debug_macro   0x0000000000016822      0x341 ./Core/Src/LCD.o
 .debug_macro   0x0000000000016b63       0x10 ./Core/Src/LCD.o
 .debug_macro   0x0000000000016b73       0x35 ./Core/Src/LCD.o
 .debug_macro   0x0000000000016ba8       0x20 ./Core/Src/LCD.o
 .debug_macro   0x0000000000016bc8       0x58 ./Core/Src/LCD.o
 .debug_macro   0x0000000000016c20       0x1c ./Core/Src/LCD.o
 .debug_macro   0x0000000000016c3c       0x10 ./Core/Src/LCD.o
 .debug_macro   0x0000000000016c4c       0x1c ./Core/Src/LCD.o
 .debug_macro   0x0000000000016c68       0x52 ./Core/Src/LCD.o
 .debug_macro   0x0000000000016cba       0x22 ./Core/Src/LCD.o
 .debug_macro   0x0000000000016cdc       0x10 ./Core/Src/LCD.o
 .debug_macro   0x0000000000016cec       0x52 ./Core/Src/LCD.o
 .debug_macro   0x0000000000016d3e       0xd5 ./Core/Src/LCD.o
 .debug_macro   0x0000000000016e13       0x1c ./Core/Src/LCD.o
 .debug_macro   0x0000000000016e2f       0x3d ./Core/Src/LCD.o
 .debug_macro   0x0000000000016e6c       0x16 ./Core/Src/LCD.o
 .debug_macro   0x0000000000016e82      0x145 ./Core/Src/LCD.o
 .debug_macro   0x0000000000016fc7      0x1e3 ./Core/Src/MENU.o
 .debug_macro   0x00000000000171aa      0x1ed ./Core/Src/ROTARY_ENCODER.o
 .debug_macro   0x0000000000017397      0x201 ./Core/Src/main.o
 .debug_macro   0x0000000000017598      0x1b2 ./Core/Src/stm32f1xx_hal_msp.o
 .debug_macro   0x000000000001774a      0x1bc ./Core/Src/stm32f1xx_it.o
 .debug_macro   0x0000000000017906       0xff ./Core/Src/sysmem.o
 .debug_macro   0x0000000000017a05      0x23b ./Core/Src/sysmem.o
 .debug_macro   0x0000000000017c40      0x1a3 ./Core/Src/system_stm32f1xx.o
 .debug_macro   0x0000000000017de3      0x1c7 ./Drivers/STM32F1xx_HAL_Driver/stm32f1xx_hal.o
 .debug_macro   0x0000000000017faa      0x1a3 ./Drivers/STM32F1xx_HAL_Driver/stm32f1xx_hal_cortex.o
 .debug_macro   0x000000000001814d      0x20e ./Drivers/STM32F1xx_HAL_Driver/stm32f1xx_hal_gpio.o
 .debug_macro   0x000000000001835b      0x1ea ./Drivers/STM32F1xx_HAL_Driver/stm32f1xx_hal_i2c.o
 .debug_macro   0x0000000000018545      0x1b5 ./Drivers/STM32F1xx_HAL_Driver/stm32f1xx_hal_rcc.o
 .debug_macro   0x00000000000186fa      0x1a4 ./Drivers/STM32F1xx_HAL_Driver/stm32f1xx_hal_tim.o
 .debug_macro   0x000000000001889e      0x1a3 ./Drivers/STM32F1xx_HAL_Driver/stm32f1xx_hal_tim_ex.o

.debug_line     0x0000000000000000    0x1282c
 .debug_line    0x0000000000000000      0x883 ./Core/Src/BUTTON.o
 .debug_line    0x0000000000000883      0x7ab ./Core/Src/DELAY.o
 .debug_line    0x000000000000102e      0x8f6 ./Core/Src/DHT11.o
 .debug_line    0x0000000000001924      0xa2a ./Core/Src/DISPLAY.o
 .debug_line    0x000000000000234e      0x856 ./Core/Src/DS1307.o
 .debug_line    0x0000000000002ba4      0xb33 ./Core/Src/LCD.o
 .debug_line    0x00000000000036d7      0x856 ./Core/Src/MENU.o
 .debug_line    0x0000000000003f2d      0x97e ./Core/Src/ROTARY_ENCODER.o
 .debug_line    0x00000000000048ab      0x932 ./Core/Src/main.o
 .debug_line    0x00000000000051dd      0x7f3 ./Core/Src/stm32f1xx_hal_msp.o
 .debug_line    0x00000000000059d0      0x833 ./Core/Src/stm32f1xx_it.o
 .debug_line    0x0000000000006203      0x512 ./Core/Src/sysmem.o
 .debug_line    0x0000000000006715      0x7ef ./Core/Src/system_stm32f1xx.o
 .debug_line    0x0000000000006f04       0x87 ./Core/Startup/startup_stm32f103c8tx.o
 .debug_line    0x0000000000006f8b      0xa54 ./Drivers/STM32F1xx_HAL_Driver/stm32f1xx_hal.o
 .debug_line    0x00000000000079df      0xc3c ./Drivers/STM32F1xx_HAL_Driver/stm32f1xx_hal_cortex.o
 .debug_line    0x000000000000861b      0xaeb ./Drivers/STM32F1xx_HAL_Driver/stm32f1xx_hal_gpio.o
 .debug_line    0x0000000000009106     0x3b3e ./Drivers/STM32F1xx_HAL_Driver/stm32f1xx_hal_i2c.o
 .debug_line    0x000000000000cc44      0xe62 ./Drivers/STM32F1xx_HAL_Driver/stm32f1xx_hal_rcc.o
 .debug_line    0x000000000000daa6     0x340a ./Drivers/STM32F1xx_HAL_Driver/stm32f1xx_hal_tim.o
 .debug_line    0x0000000000010eb0     0x197c ./Drivers/STM32F1xx_HAL_Driver/stm32f1xx_hal_tim_ex.o

.debug_str      0x0000000000000000    0x8b204
 .debug_str     0x0000000000000000    0x8300e ./Core/Src/BUTTON.o
                                      0x83369 (size before relaxing)
 .debug_str     0x000000000008300e      0x4a1 ./Core/Src/DELAY.o
                                      0x8366f (size before relaxing)
 .debug_str     0x00000000000834af      0x1e2 ./Core/Src/DHT11.o
                                      0x833b4 (size before relaxing)
 .debug_str     0x0000000000083691      0x125 ./Core/Src/DISPLAY.o
                                      0x8342c (size before relaxing)
 .debug_str     0x00000000000837b6      0x326 ./Core/Src/DS1307.o
                                      0x8376a (size before relaxing)
 .debug_str     0x0000000000083adc     0x3f0a ./Core/Src/LCD.o
                                      0x87132 (size before relaxing)
 .debug_str     0x00000000000879e6       0x64 ./Core/Src/MENU.o
                                      0x833dd (size before relaxing)
 .debug_str     0x0000000000087a4a       0xc9 ./Core/Src/ROTARY_ENCODER.o
                                      0x833a1 (size before relaxing)
 .debug_str     0x0000000000087b13      0x30b ./Core/Src/main.o
                                      0x83f90 (size before relaxing)
 .debug_str     0x0000000000087e1e       0xc7 ./Core/Src/stm32f1xx_hal_msp.o
                                      0x839ad (size before relaxing)
 .debug_str     0x0000000000087ee5       0xc9 ./Core/Src/stm32f1xx_it.o
                                      0x831ab (size before relaxing)
 .debug_str     0x0000000000087fae      0x4da ./Core/Src/sysmem.o
                                       0x5d63 (size before relaxing)
 .debug_str     0x0000000000088488       0x7e ./Core/Src/system_stm32f1xx.o
                                      0x82ff6 (size before relaxing)
 .debug_str     0x0000000000088506       0x36 ./Core/Startup/startup_stm32f103c8tx.o
                                         0x7d (size before relaxing)
 .debug_str     0x000000000008853c      0x633 ./Drivers/STM32F1xx_HAL_Driver/stm32f1xx_hal.o
                                      0x83761 (size before relaxing)
 .debug_str     0x0000000000088b6f      0x2f3 ./Drivers/STM32F1xx_HAL_Driver/stm32f1xx_hal_cortex.o
                                      0x836ad (size before relaxing)
 .debug_str     0x0000000000088e62      0x2fe ./Drivers/STM32F1xx_HAL_Driver/stm32f1xx_hal_gpio.o
                                      0x833b4 (size before relaxing)
 .debug_str     0x0000000000089160      0xb91 ./Drivers/STM32F1xx_HAL_Driver/stm32f1xx_hal_i2c.o
                                      0x840a2 (size before relaxing)
 .debug_str     0x0000000000089cf1      0x241 ./Drivers/STM32F1xx_HAL_Driver/stm32f1xx_hal_rcc.o
                                      0x8345d (size before relaxing)
 .debug_str     0x0000000000089f32      0xe07 ./Drivers/STM32F1xx_HAL_Driver/stm32f1xx_hal_tim.o
                                      0x84448 (size before relaxing)
 .debug_str     0x000000000008ad39      0x4cb ./Drivers/STM32F1xx_HAL_Driver/stm32f1xx_hal_tim_ex.o
                                      0x83c64 (size before relaxing)

.comment        0x0000000000000000       0x50
 .comment       0x0000000000000000       0x50 ./Core/Src/BUTTON.o
                                         0x51 (size before relaxing)
 .comment       0x0000000000000050       0x51 ./Core/Src/DELAY.o
 .comment       0x0000000000000050       0x51 ./Core/Src/DHT11.o
 .comment       0x0000000000000050       0x51 ./Core/Src/DISPLAY.o
 .comment       0x0000000000000050       0x51 ./Core/Src/DS1307.o
 .comment       0x0000000000000050       0x51 ./Core/Src/LCD.o
 .comment       0x0000000000000050       0x51 ./Core/Src/MENU.o
 .comment       0x0000000000000050       0x51 ./Core/Src/ROTARY_ENCODER.o
 .comment       0x0000000000000050       0x51 ./Core/Src/main.o
 .comment       0x0000000000000050       0x51 ./Core/Src/stm32f1xx_hal_msp.o
 .comment       0x0000000000000050       0x51 ./Core/Src/stm32f1xx_it.o
 .comment       0x0000000000000050       0x51 ./Core/Src/sysmem.o
 .comment       0x0000000000000050       0x51 ./Core/Src/system_stm32f1xx.o
 .comment       0x0000000000000050       0x51 ./Drivers/STM32F1xx_HAL_Driver/stm32f1xx_hal.o
 .comment       0x0000000000000050       0x51 ./Drivers/STM32F1xx_HAL_Driver/stm32f1xx_hal_cortex.o
 .comment       0x0000000000000050       0x51 ./Drivers/STM32F1xx_HAL_Driver/stm32f1xx_hal_gpio.o
 .comment       0x0000000000000050       0x51 ./Drivers/STM32F1xx_HAL_Driver/stm32f1xx_hal_i2c.o
 .comment       0x0000000000000050       0x51 ./Drivers/STM32F1xx_HAL_Driver/stm32f1xx_hal_rcc.o
 .comment       0x0000000000000050       0x51 ./Drivers/STM32F1xx_HAL_Driver/stm32f1xx_hal_tim.o
 .comment       0x0000000000000050       0x51 ./Drivers/STM32F1xx_HAL_Driver/stm32f1xx_hal_tim_ex.o

.debug_frame    0x0000000000000000     0x3cc4
 .debug_frame   0x0000000000000000       0x80 ./Core/Src/BUTTON.o
 .debug_frame   0x0000000000000080       0x5c ./Core/Src/DELAY.o
 .debug_frame   0x00000000000000dc       0xfc ./Core/Src/DHT11.o
 .debug_frame   0x00000000000001d8       0xc8 ./Core/Src/DISPLAY.o
 .debug_frame   0x00000000000002a0      0x100 ./Core/Src/DS1307.o
 .debug_frame   0x00000000000003a0      0x11c ./Core/Src/LCD.o
 .debug_frame   0x00000000000004bc       0xa4 ./Core/Src/MENU.o
 .debug_frame   0x0000000000000560       0xcc ./Core/Src/ROTARY_ENCODER.o
 .debug_frame   0x000000000000062c       0xd0 ./Core/Src/main.o
 .debug_frame   0x00000000000006fc       0xd0 ./Core/Src/stm32f1xx_hal_msp.o
 .debug_frame   0x00000000000007cc      0x104 ./Core/Src/stm32f1xx_it.o
 .debug_frame   0x00000000000008d0       0x34 ./Core/Src/sysmem.o
 .debug_frame   0x0000000000000904       0x58 ./Core/Src/system_stm32f1xx.o
 .debug_frame   0x000000000000095c      0x334 ./Drivers/STM32F1xx_HAL_Driver/stm32f1xx_hal.o
 .debug_frame   0x0000000000000c90      0x428 ./Drivers/STM32F1xx_HAL_Driver/stm32f1xx_hal_cortex.o
 .debug_frame   0x00000000000010b8      0x14c ./Drivers/STM32F1xx_HAL_Driver/stm32f1xx_hal_gpio.o
 .debug_frame   0x0000000000001204      0xc5c ./Drivers/STM32F1xx_HAL_Driver/stm32f1xx_hal_i2c.o
 .debug_frame   0x0000000000001e60      0x21c ./Drivers/STM32F1xx_HAL_Driver/stm32f1xx_hal_rcc.o
 .debug_frame   0x000000000000207c     0x11b8 ./Drivers/STM32F1xx_HAL_Driver/stm32f1xx_hal_tim.o
 .debug_frame   0x0000000000003234      0x638 ./Drivers/STM32F1xx_HAL_Driver/stm32f1xx_hal_tim_ex.o
 .debug_frame   0x000000000000386c       0x20 d:/software/stm32cubeide_1.11.0/stm32cubeide/plugins/com.st.stm32cube.ide.mcu.externaltools.gnu-tools-for-stm32.10.3-2021.10.win32_1.0.100.202210260954/tools/bin/../lib/gcc/arm-none-eabi/10.3.1/../../../../arm-none-eabi/lib/thumb/v7-m/nofp\libc_nano.a(lib_a-errno.o)
 .debug_frame   0x000000000000388c       0x2c d:/software/stm32cubeide_1.11.0/stm32cubeide/plugins/com.st.stm32cube.ide.mcu.externaltools.gnu-tools-for-stm32.10.3-2021.10.win32_1.0.100.202210260954/tools/bin/../lib/gcc/arm-none-eabi/10.3.1/../../../../arm-none-eabi/lib/thumb/v7-m/nofp\libc_nano.a(lib_a-init.o)
 .debug_frame   0x00000000000038b8       0x20 d:/software/stm32cubeide_1.11.0/stm32cubeide/plugins/com.st.stm32cube.ide.mcu.externaltools.gnu-tools-for-stm32.10.3-2021.10.win32_1.0.100.202210260954/tools/bin/../lib/gcc/arm-none-eabi/10.3.1/../../../../arm-none-eabi/lib/thumb/v7-m/nofp\libc_nano.a(lib_a-memset.o)
 .debug_frame   0x00000000000038d8       0x3c d:/software/stm32cubeide_1.11.0/stm32cubeide/plugins/com.st.stm32cube.ide.mcu.externaltools.gnu-tools-for-stm32.10.3-2021.10.win32_1.0.100.202210260954/tools/bin/../lib/gcc/arm-none-eabi/10.3.1/../../../../arm-none-eabi/lib/thumb/v7-m/nofp\libc_nano.a(lib_a-vsprintf.o)
 .debug_frame   0x0000000000003914       0x90 d:/software/stm32cubeide_1.11.0/stm32cubeide/plugins/com.st.stm32cube.ide.mcu.externaltools.gnu-tools-for-stm32.10.3-2021.10.win32_1.0.100.202210260954/tools/bin/../lib/gcc/arm-none-eabi/10.3.1/../../../../arm-none-eabi/lib/thumb/v7-m/nofp\libc_nano.a(lib_a-nano-svfprintf.o)
 .debug_frame   0x00000000000039a4       0x60 d:/software/stm32cubeide_1.11.0/stm32cubeide/plugins/com.st.stm32cube.ide.mcu.externaltools.gnu-tools-for-stm32.10.3-2021.10.win32_1.0.100.202210260954/tools/bin/../lib/gcc/arm-none-eabi/10.3.1/../../../../arm-none-eabi/lib/thumb/v7-m/nofp\libc_nano.a(lib_a-nano-vfprintf_i.o)
 .debug_frame   0x0000000000003a04       0x28 d:/software/stm32cubeide_1.11.0/stm32cubeide/plugins/com.st.stm32cube.ide.mcu.externaltools.gnu-tools-for-stm32.10.3-2021.10.win32_1.0.100.202210260954/tools/bin/../lib/gcc/arm-none-eabi/10.3.1/../../../../arm-none-eabi/lib/thumb/v7-m/nofp\libc_nano.a(lib_a-memchr-stub.o)
 .debug_frame   0x0000000000003a2c       0x28 d:/software/stm32cubeide_1.11.0/stm32cubeide/plugins/com.st.stm32cube.ide.mcu.externaltools.gnu-tools-for-stm32.10.3-2021.10.win32_1.0.100.202210260954/tools/bin/../lib/gcc/arm-none-eabi/10.3.1/../../../../arm-none-eabi/lib/thumb/v7-m/nofp\libc_nano.a(lib_a-memcpy-stub.o)
 .debug_frame   0x0000000000003a54       0x28 d:/software/stm32cubeide_1.11.0/stm32cubeide/plugins/com.st.stm32cube.ide.mcu.externaltools.gnu-tools-for-stm32.10.3-2021.10.win32_1.0.100.202210260954/tools/bin/../lib/gcc/arm-none-eabi/10.3.1/../../../../arm-none-eabi/lib/thumb/v7-m/nofp\libc_nano.a(lib_a-memmove.o)
 .debug_frame   0x0000000000003a7c       0x38 d:/software/stm32cubeide_1.11.0/stm32cubeide/plugins/com.st.stm32cube.ide.mcu.externaltools.gnu-tools-for-stm32.10.3-2021.10.win32_1.0.100.202210260954/tools/bin/../lib/gcc/arm-none-eabi/10.3.1/../../../../arm-none-eabi/lib/thumb/v7-m/nofp\libc_nano.a(lib_a-nano-freer.o)
 .debug_frame   0x0000000000003ab4       0x4c d:/software/stm32cubeide_1.11.0/stm32cubeide/plugins/com.st.stm32cube.ide.mcu.externaltools.gnu-tools-for-stm32.10.3-2021.10.win32_1.0.100.202210260954/tools/bin/../lib/gcc/arm-none-eabi/10.3.1/../../../../arm-none-eabi/lib/thumb/v7-m/nofp\libc_nano.a(lib_a-nano-mallocr.o)
 .debug_frame   0x0000000000003b00       0x3c d:/software/stm32cubeide_1.11.0/stm32cubeide/plugins/com.st.stm32cube.ide.mcu.externaltools.gnu-tools-for-stm32.10.3-2021.10.win32_1.0.100.202210260954/tools/bin/../lib/gcc/arm-none-eabi/10.3.1/../../../../arm-none-eabi/lib/thumb/v7-m/nofp\libc_nano.a(lib_a-nano-reallocr.o)
 .debug_frame   0x0000000000003b3c       0x2c d:/software/stm32cubeide_1.11.0/stm32cubeide/plugins/com.st.stm32cube.ide.mcu.externaltools.gnu-tools-for-stm32.10.3-2021.10.win32_1.0.100.202210260954/tools/bin/../lib/gcc/arm-none-eabi/10.3.1/../../../../arm-none-eabi/lib/thumb/v7-m/nofp\libc_nano.a(lib_a-sbrkr.o)
 .debug_frame   0x0000000000003b68       0x30 d:/software/stm32cubeide_1.11.0/stm32cubeide/plugins/com.st.stm32cube.ide.mcu.externaltools.gnu-tools-for-stm32.10.3-2021.10.win32_1.0.100.202210260954/tools/bin/../lib/gcc/arm-none-eabi/10.3.1/../../../../arm-none-eabi/lib/thumb/v7-m/nofp\libc_nano.a(lib_a-mlock.o)
 .debug_frame   0x0000000000003b98       0x20 d:/software/stm32cubeide_1.11.0/stm32cubeide/plugins/com.st.stm32cube.ide.mcu.externaltools.gnu-tools-for-stm32.10.3-2021.10.win32_1.0.100.202210260954/tools/bin/../lib/gcc/arm-none-eabi/10.3.1/../../../../arm-none-eabi/lib/thumb/v7-m/nofp\libc_nano.a(lib_a-nano-msizer.o)
 .debug_frame   0x0000000000003bb8       0x5c d:/software/stm32cubeide_1.11.0/stm32cubeide/plugins/com.st.stm32cube.ide.mcu.externaltools.gnu-tools-for-stm32.10.3-2021.10.win32_1.0.100.202210260954/tools/bin/../lib/gcc/arm-none-eabi/10.3.1/../../../../arm-none-eabi/lib/thumb/v7-m/nofp\libc_nano.a(lib_a-reent.o)
 .debug_frame   0x0000000000003c14       0xb0 d:/software/stm32cubeide_1.11.0/stm32cubeide/plugins/com.st.stm32cube.ide.mcu.externaltools.gnu-tools-for-stm32.10.3-2021.10.win32_1.0.100.202210260954/tools/bin/../lib/gcc/arm-none-eabi/10.3.1/../../../../arm-none-eabi/lib/thumb/v7-m/nofp\libc_nano.a(lib_a-lock.o)
